Component: ARM Compiler 5.06 update 7 (build 960) Tool: armlink [4d3601]

==============================================================================

Section Cross References

    delay.o(i.Fn_DELAY_Init) refers to delay.o(.data) for fac_us
    delay.o(i.Fn_DELAY_ms) refers to delay.o(.data) for fac_ms
    delay.o(i.Fn_DELAY_us) refers to delay.o(.data) for fac_us
    dht11.o(i.DHT11_Check) refers to dht11.o(i.ddelay_us) for ddelay_us
    dht11.o(i.DHT11_Init) refers to stm32f10x_rcc.o(i.RCC_APB2PeriphClockCmd) for RCC_APB2PeriphClockCmd
    dht11.o(i.DHT11_Init) refers to stm32f10x_gpio.o(i.GPIO_Init) for GPIO_Init
    dht11.o(i.DHT11_Init) refers to dht11.o(i.DHT11_Rst) for DHT11_Rst
    dht11.o(i.DHT11_Init) refers to dht11.o(i.DHT11_Check) for DHT11_Check
    dht11.o(i.DHT11_Read_Bit) refers to dht11.o(i.ddelay_us) for ddelay_us
    dht11.o(i.DHT11_Read_Byte) refers to dht11.o(i.DHT11_Read_Bit) for DHT11_Read_Bit
    dht11.o(i.DHT11_Read_Data) refers to dht11.o(i.DHT11_Rst) for DHT11_Rst
    dht11.o(i.DHT11_Read_Data) refers to dht11.o(i.DHT11_Check) for DHT11_Check
    dht11.o(i.DHT11_Read_Data) refers to dht11.o(i.DHT11_Read_Byte) for DHT11_Read_Byte
    dht11.o(i.DHT11_Rst) refers to dht11.o(i.ddelay_ms) for ddelay_ms
    dht11.o(i.DHT11_Rst) refers to dht11.o(i.ddelay_us) for ddelay_us
    dht11.o(i.ddelay_ms) refers to stm32f10x_rcc.o(i.RCC_GetClocksFreq) for RCC_GetClocksFreq
    dht11.o(i.ddelay_us) refers to stm32f10x_rcc.o(i.RCC_GetClocksFreq) for RCC_GetClocksFreq
    main.o(i.ADC_Inits) refers to stm32f10x_rcc.o(i.RCC_ADCCLKConfig) for RCC_ADCCLKConfig
    main.o(i.ADC_Inits) refers to stm32f10x_rcc.o(i.RCC_APB2PeriphClockCmd) for RCC_APB2PeriphClockCmd
    main.o(i.ADC_Inits) refers to stm32f10x_gpio.o(i.GPIO_Init) for GPIO_Init
    main.o(i.ADC_Inits) refers to stm32f10x_adc.o(i.ADC_Init) for ADC_Init
    main.o(i.ADC_Inits) refers to stm32f10x_adc.o(i.ADC_InjectedSequencerLengthConfig) for ADC_InjectedSequencerLengthConfig
    main.o(i.ADC_Inits) refers to stm32f10x_adc.o(i.ADC_InjectedChannelConfig) for ADC_InjectedChannelConfig
    main.o(i.ADC_Inits) refers to stm32f10x_adc.o(i.ADC_ExternalTrigInjectedConvConfig) for ADC_ExternalTrigInjectedConvConfig
    main.o(i.ADC_Inits) refers to stm32f10x_adc.o(i.ADC_Cmd) for ADC_Cmd
    main.o(i.ADC_Inits) refers to stm32f10x_adc.o(i.ADC_ResetCalibration) for ADC_ResetCalibration
    main.o(i.ADC_Inits) refers to stm32f10x_adc.o(i.ADC_GetResetCalibrationStatus) for ADC_GetResetCalibrationStatus
    main.o(i.ADC_Inits) refers to stm32f10x_adc.o(i.ADC_StartCalibration) for ADC_StartCalibration
    main.o(i.ADC_Inits) refers to stm32f10x_adc.o(i.ADC_GetCalibrationStatus) for ADC_GetCalibrationStatus
    main.o(i.ADC_Inits) refers to stm32f10x_adc.o(i.ADC_AutoInjectedConvCmd) for ADC_AutoInjectedConvCmd
    main.o(i.ADC_Inits) refers to stm32f10x_adc.o(i.ADC_SoftwareStartInjectedConvCmd) for ADC_SoftwareStartInjectedConvCmd
    main.o(i.Relay_Inits) refers to stm32f10x_rcc.o(i.RCC_APB2PeriphClockCmd) for RCC_APB2PeriphClockCmd
    main.o(i.Relay_Inits) refers to stm32f10x_gpio.o(i.GPIO_Init) for GPIO_Init
    main.o(i.Relay_Inits) refers to stm32f10x_gpio.o(i.GPIO_WriteBit) for GPIO_WriteBit
    main.o(i.SYS_Init) refers to system_stm32f10x.o(i.SystemInit) for SystemInit
    main.o(i.SYS_Init) refers to system_stm32f10x.o(i.SystemCoreClockUpdate) for SystemCoreClockUpdate
    main.o(i.SYS_Init) refers to delay.o(i.Fn_DELAY_Init) for Fn_DELAY_Init
    main.o(i.SYS_Init) refers to uart.o(i.INIT_UART_1) for INIT_UART_1
    main.o(i.SYS_Init) refers to uart.o(i.INIT_UART_2) for INIT_UART_2
    main.o(i.SYS_Init) refers to dht11.o(i.DHT11_Init) for DHT11_Init
    main.o(i.SYS_Init) refers to main.o(i.ADC_Inits) for ADC_Inits
    main.o(i.SYS_Init) refers to main.o(i.Relay_Inits) for Relay_Inits
    main.o(i.TaskGetControl) refers to stm32f10x_gpio.o(i.GPIO_WriteBit) for GPIO_WriteBit
    main.o(i.TaskGetControl) refers to tasks.o(i.vTaskDelay) for vTaskDelay
    main.o(i.TaskGetControl) refers to uart.o(.data) for Flag2_Receive
    main.o(i.TaskGetControl) refers to uart.o(.bss) for Array2_Receive
    main.o(i.TaskReadSensor) refers to dht11.o(i.DHT11_Read_Data) for DHT11_Read_Data
    main.o(i.TaskReadSensor) refers to stm32f10x_adc.o(i.ADC_GetInjectedConversionValue) for ADC_GetInjectedConversionValue
    main.o(i.TaskReadSensor) refers to main.o(i.map) for map
    main.o(i.TaskReadSensor) refers to queue.o(i.xQueueGenericSend) for xQueueGenericSend
    main.o(i.TaskReadSensor) refers to tasks.o(i.vTaskDelay) for vTaskDelay
    main.o(i.TaskReadSensor) refers to main.o(.data) for humi
    main.o(i.TaskSendSensor) refers to _printf_percent.o(.ARM.Collect$$_printf_percent$$00000000) for _printf_percent
    main.o(i.TaskSendSensor) refers to _printf_d.o(.ARM.Collect$$_printf_percent$$00000009) for _printf_d
    main.o(i.TaskSendSensor) refers to _printf_dec.o(.text) for _printf_int_dec
[...]
    .text                                    0x08000270   Section        0  noretval__2sprintf.o(.text)
    .text                                    0x08000298   Section        0  __printf.o(.text)
    .text                                    0x08000300   Section        0  _printf_dec.o(.text)
    .text                                    0x08000378   Section      138  rt_memcpy_v6.o(.text)
    .text                                    0x08000402   Section       16  aeabi_memset.o(.text)
    .text                                    0x08000412   Section        0  heapauxi.o(.text)
    .text                                    0x08000418   Section        0  _printf_intcommon.o(.text)
    .text                                    0x080004cc   Section        0  _printf_char_common.o(.text)
    _printf_input_char                       0x080004cd   Thumb Code    10  _printf_char_common.o(.text)
    .text                                    0x080004fc   Section        0  _sputc.o(.text)
    .text                                    0x08000506   Section      100  rt_memcpy_w.o(.text)
    .text                                    0x0800056a   Section       68  rt_memclr.o(.text)
    .text                                    0x080005ae   Section       78  rt_memclr_w.o(.text)
    .text                                    0x080005fc   Section       74  sys_stackheap_outer.o(.text)
    .text                                    0x08000646   Section        0  exit.o(.text)
    .text                                    0x08000658   Section        8  libspace.o(.text)
    .text                                    0x08000660   Section        0  sys_exit.o(.text)
    .text                                    0x0800066c   Section        2  use_no_semi.o(.text)
    .text                                    0x0800066e   Section        0  indicate_semi.o(.text)
    i.ADC_AutoInjectedConvCmd                0x0800066e   Section        0  stm32f10x_adc.o(i.ADC_AutoInjectedConvCmd)
    i.ADC_Cmd                                0x08000684   Section        0  stm32f10x_adc.o(i.ADC_Cmd)
    i.ADC_ExternalTrigInjectedConvConfig     0x0800069a   Section        0  stm32f10x_adc.o(i.ADC_ExternalTrigInjectedConvConfig)
    i.ADC_GetCalibrationStatus               0x080006aa   Section        0  stm32f10x_adc.o(i.ADC_GetCalibrationStatus)
    i.ADC_GetInjectedConversionValue         0x080006be   Section        0  stm32f10x_adc.o(i.ADC_GetInjectedConversionValue)
    i.ADC_GetResetCalibrationStatus          0x080006da   Section        0  stm32f10x_adc.o(i.ADC_GetResetCalibrationStatus)
    i.ADC_Init                               0x080006f0   Section        0  stm32f10x_adc.o(i.ADC_Init)
    i.ADC_Inits                              0x08000740   Section        0  main.o(i.ADC_Inits)
    i.ADC_InjectedChannelConfig              0x0800080c   Section        0  stm32f10x_adc.o(i.ADC_InjectedChannelConfig)
    i.ADC_InjectedSequencerLengthConfig      0x0800088e   Section        0  stm32f10x_adc.o(i.ADC_InjectedSequencerLengthConfig)
    i.ADC_ResetCalibration                   0x080008a6   Section        0  stm32f10x_adc.o(i.ADC_ResetCalibration)
    i.ADC_SoftwareStartInjectedConvCmd       0x080008b0   Section        0  stm32f10x_adc.o(i.ADC_SoftwareStartInjectedConvCmd)
    i.ADC_StartCalibration                   0x080008c6   Section        0  stm32f10x_adc.o(i.ADC_StartCalibration)
    i.DHT11_Check                            0x080008d0   Section        0  dht11.o(i.DHT11_Check)
    i.DHT11_Init                             0x08000934   Section        0  dht11.o(i.DHT11_Init)
    i.DHT11_Read_Bit                         0x08000970   Section        0  dht11.o(i.DHT11_Read_Bit)
    i.DHT11_Read_Byte                        0x080009bc   Section        0  dht11.o(i.DHT11_Read_Byte)
    i.DHT11_Read_Data                        0x080009dc   Section        0  dht11.o(i.DHT11_Read_Data)
    i.DHT11_Rst                              0x08000a38   Section        0  dht11.o(i.DHT11_Rst)
    i.Fn_DELAY_Init                          0x08000a78   Section        0  delay.o(i.Fn_DELAY_Init)
    i.GPIO_Init                              0x08000ab8   Section        0  stm32f10x_gpio.o(i.GPIO_Init)
    i.GPIO_ReadInputDataBit                  0x08000bce   Section        0  stm32f10x_gpio.o(i.GPIO_ReadInputDataBit)
    i.GPIO_ResetBits                         0x08000be0   Section        0  stm32f10x_gpio.o(i.GPIO_ResetBits)
    i.GPIO_SetBits                           0x08000be4   Section        0  stm32f10x_gpio.o(i.GPIO_SetBits)
    i.GPIO_WriteBit                          0x08000be8   Section        0  stm32f10x_gpio.o(i.GPIO_WriteBit)
    i.I2C_LCD_BackLight                      0x08000bf4   Section        0  i2c_lcd.o(i.I2C_LCD_BackLight)
    i.I2C_LCD_Clear                          0x08000c14   Section        0  i2c_lcd.o(i.I2C_LCD_Clear)
    i.I2C_LCD_FlushVal                       0x08000c20   Section        0  i2c_lcd.o(i.I2C_LCD_FlushVal)
    I2C_LCD_FlushVal                         0x08000c21   Thumb Code    52  i2c_lcd.o(i.I2C_LCD_FlushVal)
    i.I2C_LCD_Init                           0x08000c5c   Section        0  i2c_lcd.o(i.I2C_LCD_Init)
    i.I2C_LCD_NewLine                        0x08000ce0   Section        0  i2c_lcd.o(i.I2C_LCD_NewLine)
    i.I2C_LCD_Puts                           0x08000cea   Section        0  i2c_lcd.o(i.I2C_LCD_Puts)
    i.I2C_LCD_WriteCmd                       0x08000d08   Section        0  i2c_lcd.o(i.I2C_LCD_WriteCmd)
    I2C_LCD_WriteCmd                         0x08000d09   Thumb Code    42  i2c_lcd.o(i.I2C_LCD_WriteCmd)
    i.I2C_LCD_Write_4bit                     0x08000d38   Section        0  i2c_lcd.o(i.I2C_LCD_Write_4bit)
    I2C_LCD_Write_4bit                       0x08000d39   Thumb Code   106  i2c_lcd.o(i.I2C_LCD_Write_4bit)
    i.I2C_Read                               0x08000da8   Section        0  i2c.o(i.I2C_Read)
    i.I2C_Write                              0x08000dee   Section        0  i2c.o(i.I2C_Write)
    i.INIT_UART_1                            0x08000e34   Section        0  uart.o(i.INIT_UART_1)
    i.INIT_UART_2                            0x08000eac   Section        0  uart.o(i.INIT_UART_2)
    i.LCD_WaitBusy                           0x08000f24   Section        0  i2c_lcd.o(i.LCD_WaitBusy)
    i.LCD_Write_Chr                          0x08000f90   Section        0  i2c_lcd.o(i.LCD_Write_Chr)
    i.My_I2C_Init                            0x08000fc0   Section        0  i2c.o(i.My_I2C_Init)
    i.RCC_ADCCLKConfig                       0x08000fc8   Section        0  stm32f10x_rcc.o(i.RCC_ADCCLKConfig)
    i.RCC_APB2PeriphClockCmd                 0x08000fe0   Section        0  stm32f10x_rcc.o(i.RCC_APB2PeriphClockCmd)
    i.RCC_GetClocksFreq                      0x08001000   Section        0  stm32f10x_rcc.o(i.RCC_GetClocksFreq)
    i.Relay_Inits                            0x080010d4   Section        0  main.o(i.Relay_Inits)
    i.SYS_Init                               0x08001114   Section        0  main.o(i.SYS_Init)
    i.SetSysClock                            0x08001142   Section        0  system_stm32f10x.o(i.SetSysClock)
    SetSysClock                              0x08001143   Thumb Code     8  system_stm32f10x.o(i.SetSysClock)
    i.SetSysClockTo72                        0x0800114c   Section        0  system_stm32f10x.o(i.SetSysClockTo72)
    SetSysClockTo72                          0x0800114d   Thumb Code   214  system_stm32f10x.o(i.SetSysClockTo72)
    i.SysTick_Handler                        0x0800122c   Section        0  cmsis_os2.o(i.SysTick_Handler)
    i.SystemCoreClockUpdate                  0x08001244   Section        0  system_stm32f10x.o(i.SystemCoreClockUpdate)
    i.SystemInit                             0x080012e8   Section        0  system_stm32f10x.o(i.SystemInit)
    i.TaskReadSensor                         0x08001348   Section        0  main.o(i.TaskReadSensor)
    i.TaskSendSensor                         0x08001430   Section        0  main.o(i.TaskSendSensor)
    i.UART1_SendChar                         0x080014a4   Section        0  uart.o(i.UART1_SendChar)
    i.UART1_SendString                       0x080014c0   Section        0  uart.o(i.UART1_SendString)
    i.USART1_IRQHandler                      0x080014d8   Section        0  uart.o(i.USART1_IRQHandler)
    i.USART2_IRQHandler                      0x0800152c   Section        0  uart.o(i.USART2_IRQHandler)
    i.USART3_IRQHandler                      0x08001580   Section        0  uart.o(i.USART3_IRQHandler)
    i.__NVIC_EnableIRQ                       0x080015d4   Section        0  uart.o(i.__NVIC_EnableIRQ)
    __NVIC_EnableIRQ                         0x080015d5   Thumb Code    34  uart.o(i.__NVIC_EnableIRQ)
    i._mutex_acquire                         0x080015f6   Section        0  clib_arm.o(i._mutex_acquire)
    __tagsym$$used                           0x080015f7   Number         0  clib_arm.o(i._mutex_acquire)
    i._mutex_free                            0x0800160c   Section        0  clib_arm.o(i._mutex_free)
    __tagsym$$used                           0x0800160d   Number         0  clib_arm.o(i._mutex_free)
    i._mutex_initialize                      0x08001640   Section        0  clib_arm.o(i._mutex_initialize)
    __tagsym$$used                           0x08001641   Number         0  clib_arm.o(i._mutex_initialize)
    i._mutex_release                         0x080016a0   Section        0  clib_arm.o(i._mutex_release)
    __tagsym$$used                           0x080016a1   Number         0  clib_arm.o(i._mutex_release)
    i._platform_post_stackheap_init          0x080016b8   Section        0  clib_arm.o(i._platform_post_stackheap_init)
    i.ddelay_ms                              0x080016ba   Section        0  dht11.o(i.ddelay_ms)
    i.ddelay_us                              0x080016e8   Section        0  dht11.o(i.ddelay_us)
    i.delay_ms                               0x08001718   Section        0  i2c.o(i.delay_ms)
    i.delay_us                               0x08001744   Section        0  i2c.o(i.delay_us)
    i.i2c_init                               0x08001774   Section        0  i2c.o(i.i2c_init)
    i.i2c_read                               0x080017b0   Section        0  i2c.o(i.i2c_read)
    i.i2c_start                              0x08001840   Section        0  i2c.o(i.i2c_start)
    i.i2c_stop                               0x08001880   Section        0  i2c.o(i.i2c_stop)
    i.i2c_write                              0x080018b4   Section        0  i2c.o(i.i2c_write)
    i.main                                   0x0800194c   Section        0  main.o(i.main)
    i.map                                    0x080019b8   Section        0  main.o(i.map)
    i.os_kernel_is_active                    0x080019ce   Section        0  clib_arm.o(i.os_kernel_is_active)
    os_kernel_is_active                      0x080019cf   Thumb Code    18  clib_arm.o(i.os_kernel_is_active)
    i.prvAddCurrentTaskToDelayedList         0x080019e0   Section        0  tasks.o(i.prvAddCurrentTaskToDelayedList)
    prvAddCurrentTaskToDelayedList           0x080019e1   Thumb Code   140  tasks.o(i.prvAddCurrentTaskToDelayedList)
    i.prvAddNewTaskToReadyList               0x08001a84   Section        0  tasks.o(i.prvAddNewTaskToReadyList)
    prvAddNewTaskToReadyList                 0x08001a85   Thumb Code   204  tasks.o(i.prvAddNewTaskToReadyList)
    i.prvCheckForValidListAndQueue           0x08001b6c   Section        0  timers.o(i.prvCheckForValidListAndQueue)
    prvCheckForValidListAndQueue             0x08001b6d   Thumb Code    62  timers.o(i.prvCheckForValidListAndQueue)
    i.prvCheckTasksWaitingTermination        0x08001bc8   Section        0  tasks.o(i.prvCheckTasksWaitingTermination)
    prvCheckTasksWaitingTermination          0x08001bc9   Thumb Code    60  tasks.o(i.prvCheckTasksWaitingTermination)
    i.prvCopyDataFromQueue                   0x08001c10   Section        0  queue.o(i.prvCopyDataFromQueue)
    prvCopyDataFromQueue                     0x08001c11   Thumb Code    42  queue.o(i.prvCopyDataFromQueue)
    i.prvCopyDataToQueue                     0x08001c3a   Section        0  queue.o(i.prvCopyDataToQueue)
    prvCopyDataToQueue                       0x08001c3b   Thumb Code   126  queue.o(i.prvCopyDataToQueue)
    i.prvDeleteTCB                           0x08001cb8   Section        0  tasks.o(i.prvDeleteTCB)
    prvDeleteTCB                             0x08001cb9   Thumb Code    40  tasks.o(i.prvDeleteTCB)
    i.prvGetDisinheritPriorityAfterTimeout   0x08001ce0   Section        0  queue.o(i.prvGetDisinheritPriorityAfterTimeout)
    prvGetDisinheritPriorityAfterTimeout     0x08001ce1   Thumb Code    20  queue.o(i.prvGetDisinheritPriorityAfterTimeout)
    i.prvGetNextExpireTime                   0x08001cf4   Section        0  timers.o(i.prvGetNextExpireTime)
    prvGetNextExpireTime                     0x08001cf5   Thumb Code    36  timers.o(i.prvGetNextExpireTime)
    i.prvHeapInit                            0x08001d1c   Section        0  heap_4.o(i.prvHeapInit)
    prvHeapInit                              0x08001d1d   Thumb Code    98  heap_4.o(i.prvHeapInit)
    i.prvIdleTask                            0x08001d98   Section        0  tasks.o(i.prvIdleTask)
    prvIdleTask                              0x08001d99   Thumb Code    32  tasks.o(i.prvIdleTask)
    i.prvInitialiseMutex                     0x08001dc0   Section        0  queue.o(i.prvInitialiseMutex)
    prvInitialiseMutex                       0x08001dc1   Thumb Code    30  queue.o(i.prvInitialiseMutex)
    i.prvInitialiseNewQueue                  0x08001dde   Section        0  queue.o(i.prvInitialiseNewQueue)
    prvInitialiseNewQueue                    0x08001ddf   Thumb Code    42  queue.o(i.prvInitialiseNewQueue)
    i.prvInitialiseNewTask                   0x08001e08   Section        0  tasks.o(i.prvInitialiseNewTask)
    prvInitialiseNewTask                     0x08001e09   Thumb Code   154  tasks.o(i.prvInitialiseNewTask)
    i.prvInitialiseTaskLists                 0x08001ea4   Section        0  tasks.o(i.prvInitialiseTaskLists)
    prvInitialiseTaskLists                   0x08001ea5   Thumb Code    70  tasks.o(i.prvInitialiseTaskLists)
    i.prvInsertBlockIntoFreeList             0x08001f0c   Section        0  heap_4.o(i.prvInsertBlockIntoFreeList)
    prvInsertBlockIntoFreeList               0x08001f0d   Thumb Code    96  heap_4.o(i.prvInsertBlockIntoFreeList)
    i.prvInsertTimerInActiveList             0x08001f74   Section        0  timers.o(i.prvInsertTimerInActiveList)
    prvInsertTimerInActiveList               0x08001f75   Thumb Code    80  timers.o(i.prvInsertTimerInActiveList)
    i.prvIsQueueEmpty                        0x08001fcc   Section        0  queue.o(i.prvIsQueueEmpty)
    prvIsQueueEmpty                          0x08001fcd   Thumb Code    26  queue.o(i.prvIsQueueEmpty)
    i.prvIsQueueFull                         0x08001fe6   Section        0  queue.o(i.prvIsQueueFull)
    prvIsQueueFull                           0x08001fe7   Thumb Code    30  queue.o(i.prvIsQueueFull)
    i.prvProcessExpiredTimer                 0x08002004   Section        0  timers.o(i.prvProcessExpiredTimer)
    prvProcessExpiredTimer                   0x08002005   Thumb Code    62  timers.o(i.prvProcessExpiredTimer)
    i.prvProcessReceivedCommands             0x08002048   Section        0  timers.o(i.prvProcessReceivedCommands)
    prvProcessReceivedCommands               0x08002049   Thumb Code   268  timers.o(i.prvProcessReceivedCommands)
    i.prvProcessTimerOrBlockTask             0x08002158   Section        0  timers.o(i.prvProcessTimerOrBlockTask)
    prvProcessTimerOrBlockTask               0x08002159   Thumb Code   102  timers.o(i.prvProcessTimerOrBlockTask)
    i.prvReloadTimer                         0x080021cc   Section        0  timers.o(i.prvReloadTimer)
    prvReloadTimer                           0x080021cd   Thumb Code    40  timers.o(i.prvReloadTimer)
    i.prvResetNextTaskUnblockTime            0x080021f4   Section        0  tasks.o(i.prvResetNextTaskUnblockTime)
    prvResetNextTaskUnblockTime              0x080021f5   Thumb Code    40  tasks.o(i.prvResetNextTaskUnblockTime)
    i.prvSampleTimeNow                       0x08002224   Section        0  timers.o(i.prvSampleTimeNow)
    prvSampleTimeNow                         0x08002225   Thumb Code    40  timers.o(i.prvSampleTimeNow)
    i.prvSwitchTimerLists                    0x08002250   Section        0  timers.o(i.prvSwitchTimerLists)
    prvSwitchTimerLists                      0x08002251   Thumb Code    58  timers.o(i.prvSwitchTimerLists)
    i.prvTaskExitError                       0x08002294   Section        0  port.o(i.prvTaskExitError)
    prvTaskExitError                         0x08002295   Thumb Code    22  port.o(i.prvTaskExitError)
    i.prvTimerTask                           0x080022aa   Section        0  timers.o(i.prvTimerTask)
    prvTimerTask                             0x080022ab   Thumb Code    26  timers.o(i.prvTimerTask)
    i.prvUnlockQueue                         0x080022c4   Section        0  queue.o(i.prvUnlockQueue)
    prvUnlockQueue                           0x080022c5   Thumb Code   126  queue.o(i.prvUnlockQueue)
    i.pvPortMalloc                           0x08002344   Section        0  heap_4.o(i.pvPortMalloc)
    i.pvTaskIncrementMutexHeldCount          0x08002440   Section        0  tasks.o(i.pvTaskIncrementMutexHeldCount)
    i.pxPortInitialiseStack                  0x08002460   Section        0  port.o(i.pxPortInitialiseStack)
    i.uxListRemove                           0x08002484   Section        0  list.o(i.uxListRemove)
    i.vApplicationGetIdleTaskMemory          0x080024ac   Section        0  cmsis_os2.o(i.vApplicationGetIdleTaskMemory)
    i.vApplicationGetTimerTaskMemory         0x080024c4   Section        0  cmsis_os2.o(i.vApplicationGetTimerTaskMemory)
    i.vApplicationStackOverflowHook          0x080024dc   Section        0  cmsis_os2.o(i.vApplicationStackOverflowHook)
    i.vListInitialise                        0x080024de   Section        0  list.o(i.vListInitialise)
    i.vListInitialiseItem                    0x080024f8   Section        0  list.o(i.vListInitialiseItem)
    i.vListInsert                            0x080024fe   Section        0  list.o(i.vListInsert)
    i.vPortEnterCritical                     0x08002534   Section        0  port.o(i.vPortEnterCritical)
    i.vPortExitCritical                      0x08002558   Section        0  port.o(i.vPortExitCritical)
    i.vPortFree                              0x08002578   Section        0  heap_4.o(i.vPortFree)
    i.vPortSetupTimerInterrupt               0x080025d0   Section        0  port.o(i.vPortSetupTimerInterrupt)
    i.vQueueDelete                           0x080025f8   Section        0  queue.o(i.vQueueDelete)
    i.vQueueWaitForMessageRestricted         0x0800260c   Section        0  queue.o(i.vQueueWaitForMessageRestricted)
    i.vTaskDelay                             0x08002658   Section        0  tasks.o(i.vTaskDelay)
    i.vTaskInternalSetTimeOutState           0x0800268c   Section        0  tasks.o(i.vTaskInternalSetTimeOutState)
    i.vTaskMissedYield                       0x080026a4   Section        0  tasks.o(i.vTaskMissedYield)
    i.vTaskPlaceOnEventList                  0x080026b0   Section        0  tasks.o(i.vTaskPlaceOnEventList)
    i.vTaskPlaceOnEventListRestricted        0x080026d0   Section        0  tasks.o(i.vTaskPlaceOnEventListRestricted)
    i.vTaskPriorityDisinheritAfterTimeout    0x0800271c   Section        0  tasks.o(i.vTaskPriorityDisinheritAfterTimeout)
    i.vTaskStartScheduler                    0x080027dc   Section        0  tasks.o(i.vTaskStartScheduler)
    i.vTaskSuspendAll                        0x08002878   Section        0  tasks.o(i.vTaskSuspendAll)
    i.vTaskSwitchContext                     0x08002888   Section        0  tasks.o(i.vTaskSwitchContext)
    i.xPortStartScheduler                    0x08002938   Section        0  port.o(i.xPortStartScheduler)
    i.xPortSysTickHandler                    0x0800296c   Section        0  port.o(i.xPortSysTickHandler)
    i.xQueueCreateMutex                      0x080029a0   Section        0  queue.o(i.xQueueCreateMutex)
    i.xQueueCreateMutexStatic                0x080029c2   Section        0  queue.o(i.xQueueCreateMutexStatic)
    i.xQueueGenericCreate                    0x080029ec   Section        0  queue.o(i.xQueueGenericCreate)
    i.xQueueGenericCreateStatic              0x08002a3e   Section        0  queue.o(i.xQueueGenericCreateStatic)
    i.xQueueGenericReset                     0x08002a7c   Section        0  queue.o(i.xQueueGenericReset)
    i.xQueueGenericSend                      0x08002b1c   Section        0  queue.o(i.xQueueGenericSend)
    i.xQueueReceive                          0x08002c34   Section        0  queue.o(i.xQueueReceive)
    i.xQueueSemaphoreTake                    0x08002d38   Section        0  queue.o(i.xQueueSemaphoreTake)
    i.xTaskCheckForTimeOut                   0x08002e68   Section        0  tasks.o(i.xTaskCheckForTimeOut)
    i.xTaskCreate                            0x08002ec8   Section        0  tasks.o(i.xTaskCreate)
    i.xTaskCreateStatic                      0x08002f2c   Section        0  tasks.o(i.xTaskCreateStatic)
    i.xTaskGetSchedulerState                 0x08002f7c   Section        0  tasks.o(i.xTaskGetSchedulerState)
    i.xTaskGetTickCount                      0x08002f9c   Section        0  tasks.o(i.xTaskGetTickCount)
    i.xTaskIncrementTick                     0x08002fa8   Section        0  tasks.o(i.xTaskIncrementTick)
    i.xTaskPriorityDisinherit                0x08003138   Section        0  tasks.o(i.xTaskPriorityDisinherit)
    i.xTaskPriorityInherit                   0x080031cc   Section        0  tasks.o(i.xTaskPriorityInherit)
    i.xTaskRemoveFromEventList               0x080032a4   Section        0  tasks.o(i.xTaskRemoveFromEventList)
    i.xTaskResumeAll                         0x080033ac   Section        0  tasks.o(i.xTaskResumeAll)
    i.xTimerCreateTimerTask                  0x08003504   Section        0  timers.o(i.xTimerCreateTimerTask)
    .data                                    0x20000000   Section        4  delay.o(.data)
    fac_us                                   0x20000000   Data           1  delay.o(.data)
    fac_ms                                   0x20000002   Data           2  delay.o(.data)
    .data                                    0x20000004   Section       14  main.o(.data)
    .data                                    0x20000014   Section       10  uart.o(.data)
    .data                                    0x2000001e   Section        9  i2c_lcd.o(.data)
    u8LCD_Buff                               0x2000001e   Data           8  i2c_lcd.o(.data)
    u8LcdTmp                                 0x20000026   Data           1  i2c_lcd.o(.data)
    .data                                    0x20000027   Section       20  stm32f10x_rcc.o(.data)
    APBAHBPrescTable                         0x20000027   Data          16  stm32f10x_rcc.o(.data)
    ADCPrescTable                            0x20000037   Data           4  stm32f10x_rcc.o(.data)
    .data                                    0x2000003c   Section       20  system_stm32f10x.o(.data)
    .data                                    0x20000050   Section       32  heap_4.o(.data)
    xStart                                   0x20000050   Data           8  heap_4.o(.data)
    pxEnd                                    0x20000058   Data           4  heap_4.o(.data)
    xFreeBytesRemaining                      0x2000005c   Data           4  heap_4.o(.data)
    xMinimumEverFreeBytesRemaining           0x20000060   Data           4  heap_4.o(.data)
    xNumberOfSuccessfulAllocations           0x20000064   Data           4  heap_4.o(.data)
    xNumberOfSuccessfulFrees                 0x20000068   Data           4  heap_4.o(.data)
    xBlockAllocatedBit                       0x2000006c   Data           4  heap_4.o(.data)
    .data                                    0x20000070   Section        4  port.o(.data)
    uxCriticalNesting                        0x20000070   Data           4  port.o(.data)
    .data                                    0x20000074   Section       64  tasks.o(.data)
    pxDelayedTaskList                        0x20000078   Data           4  tasks.o(.data)
    pxOverflowDelayedTaskList                0x2000007c   Data           4  tasks.o(.data)
    uxDeletedTasksWaitingCleanUp             0x20000080   Data           4  tasks.o(.data)
    uxCurrentNumberOfTasks                   0x20000084   Data           4  tasks.o(.data)
    xTickCount                               0x20000088   Data           4  tasks.o(.data)
    uxTopReadyPriority                       0x2000008c   Data           4  tasks.o(.data)
    xSchedulerRunning                        0x20000090   Data           4  tasks.o(.data)
    xPendedTicks                             0x20000094   Data           4  tasks.o(.data)
    xYieldPending                            0x20000098   Data           4  tasks.o(.data)
    xNumOfOverflows                          0x2000009c   Data           4  tasks.o(.data)
    uxTaskNumber                             0x200000a0   Data           4  tasks.o(.data)
    xNextTaskUnblockTime                     0x200000a4   Data           4  tasks.o(.data)
    xIdleTaskHandle                          0x200000a8   Data           4  tasks.o(.data)
    uxSchedulerSuspended                     0x200000b0   Data           4  tasks.o(.data)
    .data                                    0x200000b4   Section       20  timers.o(.data)
    pxCurrentTimerList                       0x200000b4   Data           4  timers.o(.data)
    pxOverflowTimerList                      0x200000b8   Data           4  timers.o(.data)
    xTimerQueue                              0x200000bc   Data           4  timers.o(.data)
    xTimerTaskHandle                         0x200000c0   Data           4  timers.o(.data)
    xLastTime                                0x200000c4   Data           4  timers.o(.data)
    .bss                                     0x200000c8   Section       60  uart.o(.bss)
    .bss                                     0x20000104   Section      916  clib_arm.o(.bss)
    os_libspace                              0x20000104   Data         480  clib_arm.o(.bss)
    os_libspace_id                           0x200002e4   Data          16  clib_arm.o(.bss)
    clib_mutex_cb                            0x200002f4   Data         400  clib_arm.o(.bss)
    clib_mutex_id                            0x20000484   Data          20  clib_arm.o(.bss)
    .bss                                     0x20000498   Section     1016  cmsis_os2.o(.bss)
    Idle_TCB                                 0x20000498   Data          92  cmsis_os2.o(.bss)
    Idle_Stack                               0x200004f4   Data         512  cmsis_os2.o(.bss)
    Timer_TCB                                0x200006f4   Data          92  cmsis_os2.o(.bss)
    Timer_Stack                              0x20000750   Data         320  cmsis_os2.o(.bss)
    .bss                                     0x20000890   Section     8192  heap_4.o(.bss)
    ucHeap                                   0x20000890   Data        8192  heap_4.o(.bss)
    .bss                                     0x20002890   Section     1220  tasks.o(.bss)
    pxReadyTasksLists                        0x20002890   Data        1120  tasks.o(.bss)
    xDelayedTaskList1                        0x20002cf0   Data          20  tasks.o(.bss)
    xDelayedTaskList2                        0x20002d04   Data          20  tasks.o(.bss)
    xPendingReadyList                        0x20002d18   Data          20  tasks.o(.bss)
    xTasksWaitingTermination                 0x20002d2c   Data          20  tasks.o(.bss)
    xSuspendedTaskList                       0x20002d40   Data          20  tasks.o(.bss)
    .bss                                     0x20002d54   Section      200  timers.o(.bss)
    xActiveTimerList1                        0x20002d54   Data          20  timers.o(.bss)
    xActiveTimerList2                        0x20002d68   Data          20  timers.o(.bss)
    xStaticTimerQueue                        0x20002d7c   Data          80  timers.o(.bss)
    ucStaticTimerQueueStorage                0x20002dcc   Data          80  timers.o(.bss)
    .bss                                     0x20002e1c   Section       96  libspace.o(.bss)
    HEAP                                     0x20002e80   Section      512  startup_stm32f10x_md.o(HEAP)
    Heap_Mem                                 0x20002e80   Data         512  startup_stm32f10x_md.o(HEAP)
    STACK                                    0x20003080   Section     1024  startup_stm32f10x_md.o(STACK)
    Stack_Mem                                0x20003080   Data        1024  startup_stm32f10x_md.o(STACK)
    __initial_sp                             0x20003480   Data           0  startup_stm32f10x_md.o(STACK)

    Global Symbols

    Symbol Name                              Value     Ov Type        Size  Object(Section)

    BuildAttributes$$THM_ISAv4$P$D$K$B$S$PE$A:L22UL41UL21$X:L11$S22US41US21$IEEE1$IW$USESV6$~STKCKD$USESV7$~SHL$OSPACE$ROPI$EBA8$UX$STANDARDLIB$REQ8$PRES8$EABIv2 0x00000000   Number         0  anon$$obj.o ABSOLUTE
    __ARM_use_no_argv                        0x00000000   Number         0  main.o ABSOLUTE
    __ARM_exceptions_init                     - Undefined Weak Reference
    __alloca_initialize                       - Undefined Weak Reference
    __arm_fini_                               - Undefined Weak Reference
    __arm_preinit_                            - Undefined Weak Reference
    __cpp_initialize__aeabi_                  - Undefined Weak Reference
    __cxa_finalize                            - Undefined Weak Reference
    __rt_locale                               - Undefined Weak Reference
    __sigvec_lookup                           - Undefined Weak Reference
    _atexit_init                              - Undefined Weak Reference
    _call_atexit_fns                          - Undefined Weak Reference
    _clock_init                               - Undefined Weak Reference
    _fp_trap_init                             - Undefined Weak Reference
    _fp_trap_shutdown                         - Undefined Weak Reference
    _get_lc_collate                           - Undefined Weak Reference
    _get_lc_ctype                             - Undefined Weak Reference
    _get_lc_monetary                          - Undefined Weak Reference
    _get_lc_numeric                           - Undefined Weak Reference
    _get_lc_time                              - Undefined Weak Reference
    _getenv_init                              - Undefined Weak Reference
    _handle_redirection                       - Undefined Weak Reference
    _init_alloc                               - Undefined Weak Reference
    _init_user_alloc                          - Undefined Weak Reference
    _initio                                   - Undefined Weak Reference
    _printf_post_padding                      - Undefined Weak Reference
    _printf_pre_padding                       - Undefined Weak Reference
    _printf_truncate_signed                   - Undefined Weak Reference
    _printf_truncate_unsigned                 - Undefined Weak Reference
    _rand_init                                - Undefined Weak Reference
    _signal_finish                            - Undefined Weak Reference
    _signal_init                              - Undefined Weak Reference
    _terminate_alloc                          - Undefined Weak Reference
    _terminate_user_alloc                     - Undefined Weak Reference
    _terminateio                              - Undefined Weak Reference
    __Vectors_Size                           0x000000ec   Number         0  startup_stm32f10x_md.o ABSOLUTE
    __Vectors                                0x08000000   Data           4  startup_stm32f10x_md.o(RESET)
    __Vectors_End                            0x080000ec   Data           0  startup_stm32f10x_md.o(RESET)
    __main                                   0x080000ed   Thumb Code     8  __main.o(!!!main)
    __scatterload                            0x080000f5   Thumb Code     0  __scatter.o(!!!scatter)
    __scatterload_rt2                        0x080000f5   Thumb Code    44  __scatter.o(!!!scatter)
    __scatterload_rt2_thumb_only             0x080000f5   Thumb Code     0  __scatter.o(!!!scatter)
    __scatterload_null                       0x08000103   Thumb Code     0  __scatter.o(!!!scatter)
    __scatterload_copy                       0x08000129   Thumb Code    26  __scatter_copy.o(!!handler_copy)
    __scatterload_zeroinit                   0x08000145   Thumb Code    28  __scatter_zi.o(!!handler_zi)
    _printf_d                                0x08000161   Thumb Code     0  _printf_d.o(.ARM.Collect$$_printf_percent$$00000009)
    _printf_percent                          0x08000161   Thumb Code     0  _printf_percent.o(.ARM.Collect$$_printf_percent$$00000000)
    _printf_percent_end                      0x08000167   Thumb Code     0  _printf_percent_end.o(.ARM.Collect$$_printf_percent$$00000017)
    __rt_lib_init                            0x0800016b   Thumb Code     0  libinit.o(.ARM.Collect$$libinit$$00000000)
    __rt_lib_init_alloca_1                   0x0800016d   Thumb Code     0  libinit2.o(.ARM.Collect$$libinit$$0000002E)
    __rt_lib_init_argv_1                     0x0800016d   Thumb Code     0  libinit2.o(.ARM.Collect$$libinit$$0000002C)
    __rt_lib_init_atexit_1                   0x0800016d   Thumb Code     0  libinit2.o(.ARM.Collect$$libinit$$0000001B)
    __rt_lib_init_clock_1                    0x0800016d   Thumb Code     0  libinit2.o(.ARM.Collect$$libinit$$00000021)
    __rt_lib_init_cpp_1                      0x0800016d   Thumb Code     0  libinit2.o(.ARM.Collect$$libinit$$00000032)
    __rt_lib_init_exceptions_1               0x0800016d   Thumb Code     0  libinit2.o(.ARM.Collect$$libinit$$00000030)
    __rt_lib_init_fp_1                       0x0800016d   Thumb Code     0  libinit2.o(.ARM.Collect$$libinit$$00000002)
    __rt_lib_init_fp_trap_1                  0x0800016d   Thumb Code     0  libinit2.o(.ARM.Collect$$libinit$$0000001F)
    __rt_lib_init_getenv_1                   0x0800016d   Thumb Code     0  libinit2.o(.ARM.Collect$$libinit$$00000023)
    __rt_lib_init_heap_1                     0x0800016d   Thumb Code     0  libinit2.o(.ARM.Collect$$libinit$$0000000A)
    __rt_lib_init_lc_collate_1               0x0800016d   Thumb Code     0  libinit2.o(.ARM.Collect$$libinit$$00000011)
    __rt_lib_init_lc_ctype_1                 0x0800016d   Thumb Code     0  libinit2.o(.ARM.Collect$$libinit$$00000013)
    __rt_lib_init_lc_monetary_1              0x0800016d   Thumb Code     0  libinit2.o(.ARM.Collect$$libinit$$00000015)
    __rt_lib_init_lc_numeric_1               0x0800016d   Thumb Code     0  libinit2.o(.ARM.Collect$$libinit$$00000017)
    __rt_lib_init_lc_time_1                  0x0800016d   Thumb Code     0  libinit2.o(.ARM.Collect$$libinit$$00000019)
    __rt_lib_init_preinit_1                  0x0800016d   Thumb Code     0  libinit2.o(.ARM.Collect$$libinit$$00000004)
    __rt_lib_init_rand_1                     0x0800016d   Thumb Code     0  libinit2.o(.ARM.Collect$$libinit$$0000000E)
    __rt_lib_init_return                     0x0800016d   Thumb Code     0  libinit2.o(.ARM.Collect$$libinit$$00000033)
    __rt_lib_init_signal_1                   0x0800016d   Thumb Code     0  libinit2.o(.ARM.Collect$$libinit$$0000001D)
    __rt_lib_init_stdio_1                    0x0800016d   Thumb Code     0  libinit2.o(.ARM.Collect$$libinit$$00000025)
    __rt_lib_init_user_alloc_1               0x0800016d   Thumb Code     0  libinit2.o(.ARM.Collect$$libinit$$0000000C)
    __rt_lib_shutdown                        0x0800016f   Thumb Code     0  libshutdown.o(.ARM.Collect$$libshutdown$$00000000)
    __rt_lib_shutdown_cpp_1                  0x08000171   Thumb Code     0  libshutdown2.o(.ARM.Collect$$libshutdown$$00000004)
    __rt_lib_shutdown_fini_1                 0x08000171   Thumb Code     0  libshutdown2.o(.ARM.Collect$$libshutdown$$00000002)
    __rt_lib_shutdown_fp_trap_1              0x08000171   Thumb Code     0  libshutdown2.o(.ARM.Collect$$libshutdown$$00000009)
    __rt_lib_shutdown_heap_1                 0x08000171   Thumb Code     0  libshutdown2.o(.ARM.Collect$$libshutdown$$00000011)
    __rt_lib_shutdown_return                 0x08000171   Thumb Code     0  libshutdown2.o(.ARM.Collect$$libshutdown$$00000012)
    __rt_lib_shutdown_signal_1               0x08000171   Thumb Code     0  libshutdown2.o(.ARM.Collect$$libshutdown$$0000000C)
    __rt_lib_shutdown_stdio_1                0x08000171   Thumb Code     0  libshutdown2.o(.ARM.Collect$$libshutdown$$00000006)
    __rt_lib_shutdown_user_alloc_1           0x08000171   Thumb Code     0  libshutdown2.o(.ARM.Collect$$libshutdown$$0000000E)
    __rt_entry                               0x08000173   Thumb Code     0  __rtentry.o(.ARM.Collect$$rtentry$$00000000)
    __rt_entry_presh_1                       0x08000173   Thumb Code     0  __rtentry2.o(.ARM.Collect$$rtentry$$00000002)
    __rt_entry_sh                            0x08000173   Thumb Code     0  __rtentry4.o(.ARM.Collect$$rtentry$$00000004)
    __rt_entry_postsh_1                      0x08000179   Thumb Code     0  __rtentry2.o(.ARM.Collect$$rtentry$$00000008)
    __rt_entry_li                            0x08000181   Thumb Code     0  __rtentry2.o(.ARM.Collect$$rtentry$$0000000A)
    __rt_entry_main                          0x08000185   Thumb Code     0  __rtentry2.o(.ARM.Collect$$rtentry$$0000000D)
    __rt_entry_postli_1                      0x08000185   Thumb Code     0  __rtentry2.o(.ARM.Collect$$rtentry$$0000000C)
    __rt_exit                                0x0800018d   Thumb Code     0  rtexit.o(.ARM.Collect$$rtexit$$00000000)
    __rt_exit_ls                             0x0800018f   Thumb Code     0  rtexit2.o(.ARM.Collect$$rtexit$$00000003)
    __rt_exit_prels_1                        0x0800018f   Thumb Code     0  rtexit2.o(.ARM.Collect$$rtexit$$00000002)
    __rt_exit_exit                           0x08000193   Thumb Code     0  rtexit2.o(.ARM.Collect$$rtexit$$00000004)
    SVC_Handler                              0x08000199   Thumb Code    32  port.o(.emb_text)
    __asm___6_port_c_39a90d8d__prvStartFirstTask 0x080001bd   Thumb Code    28  port.o(.emb_text)
    PendSV_Handler                           0x080001dd   Thumb Code    72  port.o(.emb_text)
    vPortGetIPSR                             0x08000229   Thumb Code     6  port.o(.emb_text)
    Reset_Handler                            0x08000231   Thumb Code     8  startup_stm32f10x_md.o(.text)
    NMI_Handler                              0x08000239   Thumb Code     2  startup_stm32f10x_md.o(.text)
    HardFault_Handler                        0x0800023b   Thumb Code     2  startup_stm32f10x_md.o(.text)
    MemManage_Handler                        0x0800023d   Thumb Code     2  startup_stm32f10x_md.o(.text)
    BusFault_Handler                         0x0800023f   Thumb Code     2  startup_stm32f10x_md.o(.text)
    UsageFault_Handler                       0x08000241   Thumb Code     2  startup_stm32f10x_md.o(.text)
    DebugMon_Handler                         0x08000245   Thumb Code     2  startup_stm32f10x_md.o(.text)
    ADC1_2_IRQHandler                        0x0800024b   Thumb Code     0  startup_stm32f10x_md.o(.text)
    CAN1_RX1_IRQHandler                      0x0800024b   Thumb Code     0  startup_stm32f10x_md.o(.text)
    CAN1_SCE_IRQHandler                      0x0800024b   Thumb Code     0  startup_stm32f10x_md.o(.text)
    DMA1_Channel1_IRQHandler                 0x0800024b   Thumb Code     0  startup_stm32f10x_md.o(.text)
    DMA1_Channel2_IRQHandler                 0x0800024b   Thumb Code     0  startup_stm32f10x_md.o(.text)
    DMA1_Channel3_IRQHandler                 0x0800024b   Thumb Code     0  startup_stm32f10x_md.o(.text)
    DMA1_Channel4_IRQHandler                 0x0800024b   Thumb Code     0  startup_stm32f10x_md.o(.text)
    DMA1_Channel5_IRQHandler                 0x0800024b   Thumb Code     0  startup_stm32f10x_md.o(.text)
    DMA1_Channel6_IRQHandler                 0x0800024b   Thumb Code     0  startup_stm32f10x_md.o(.text)
    DMA1_Channel7_IRQHandler                 0x0800024b   Thumb Code     0  startup_stm32f10x_md.o(.text)
    EXTI0_IRQHandler                         0x0800024b   Thumb Code     0  startup_stm32f10x_md.o(.text)
    EXTI15_10_IRQHandler                     0x0800024b   Thumb Code     0  startup_stm32f10x_md.o(.text)
    EXTI1_IRQHandler                         0x0800024b   Thumb Code     0  startup_stm32f10x_md.o(.text)
    EXTI2_IRQHandler                         0x0800024b   Thumb Code     0  startup_stm32f10x_md.o(.text)
    EXTI3_IRQHandler                         0x0800024b   Thumb Code     0  startup_stm32f10x_md.o(.text)
    EXTI4_IRQHandler                         0x0800024b   Thumb Code     0  startup_stm32f10x_md.o(.text)
    EXTI9_5_IRQHandler                       0x0800024b   Thumb Code     0  startup_stm32f10x_md.o(.text)
    FLASH_IRQHandler                         0x0800024b   Thumb Code     0  startup_stm32f10x_md.o(.text)
    I2C1_ER_IRQHandler                       0x0800024b   Thumb Code     0  startup_stm32f10x_md.o(.text)
    I2C1_EV_IRQHandler                       0x0800024b   Thumb Code     0  startup_stm32f10x_md.o(.text)
    I2C2_ER_IRQHandler                       0x0800024b   Thumb Code     0  startup_stm32f10x_md.o(.text)
    I2C2_EV_IRQHandler                       0x0800024b   Thumb Code     0  startup_stm32f10x_md.o(.text)
    PVD_IRQHandler                           0x0800024b   Thumb Code     0  startup_stm32f10x_md.o(.text)
    RCC_IRQHandler                           0x0800024b   Thumb Code     0  startup_stm32f10x_md.o(.text)
    RTCAlarm_IRQHandler                      0x0800024b   Thumb Code     0  startup_stm32f10x_md.o(.text)
    RTC_IRQHandler                           0x0800024b   Thumb Code     0  startup_stm32f10x_md.o(.text)
    SPI1_IRQHandler                          0x0800024b   Thumb Code     0  startup_stm32f10x_md.o(.text)
    SPI2_IRQHandler                          0x0800024b   Thumb Code     0  startup_stm32f10x_md.o(.text)
    TAMPER_IRQHandler                        0x0800024b   Thumb Code     0  startup_stm32f10x_md.o(.text)
    TIM1_BRK_IRQHandler                      0x0800024b   Thumb Code     0  startup_stm32f10x_md.o(.text)
    TIM1_CC_IRQHandler                       0x0800024b   Thumb Code     0  startup_stm32f10x_md.o(.text)
    TIM1_TRG_COM_IRQHandler                  0x0800024b   Thumb Code     0  startup_stm32f10x_md.o(.text)
    TIM1_UP_IRQHandler                       0x0800024b   Thumb Code     0  startup_stm32f10x_md.o(.text)
    TIM2_IRQHandler                          0x0800024b   Thumb Code     0  startup_stm32f10x_md.o(.text)
    TIM3_IRQHandler                          0x0800024b   Thumb Code     0  startup_stm32f10x_md.o(.text)
    TIM4_IRQHandler                          0x0800024b   Thumb Code     0  startup_stm32f10x_md.o(.text)
    USBWakeUp_IRQHandler                     0x0800024b   Thumb Code     0  startup_stm32f10x_md.o(.text)
    USB_HP_CAN1_TX_IRQHandler                0x0800024b   Thumb Code     0  startup_stm32f10x_md.o(.text)
    USB_LP_CAN1_RX0_IRQHandler               0x0800024b   Thumb Code     0  startup_stm32f10x_md.o(.text)
    WWDG_IRQHandler                          0x0800024b   Thumb Code     0  startup_stm32f10x_md.o(.text)
    __user_initial_stackheap                 0x0800024d   Thumb Code     0  startup_stm32f10x_md.o(.text)
    __2sprintf                               0x08000271   Thumb Code    34  noretval__2sprintf.o(.text)
    __printf                                 0x08000299   Thumb Code   104  __printf.o(.text)
    _printf_int_dec                          0x08000301   Thumb Code   104  _printf_dec.o(.text)
    __aeabi_memcpy                           0x08000379   Thumb Code     0  rt_memcpy_v6.o(.text)
    __rt_memcpy                              0x08000379   Thumb Code   138  rt_memcpy_v6.o(.text)
    _memcpy_lastbytes                        0x080003df   Thumb Code     0  rt_memcpy_v6.o(.text)
    __aeabi_memset                           0x08000403   Thumb Code    16  aeabi_memset.o(.text)
    __use_two_region_memory                  0x08000413   Thumb Code     2  heapauxi.o(.text)
    __rt_heap_escrow$2region                 0x08000415   Thumb Code     2  heapauxi.o(.text)
    __rt_heap_expand$2region                 0x08000417   Thumb Code     2  heapauxi.o(.text)
    _printf_int_common                       0x08000419   Thumb Code   178  _printf_intcommon.o(.text)
    _printf_char_common                      0x080004d7   Thumb Code    32  _printf_char_common.o(.text)
    _sputc                                   0x080004fd   Thumb Code    10  _sputc.o(.text)
    __aeabi_memcpy4                          0x08000507   Thumb Code     0  rt_memcpy_w.o(.text)
    __aeabi_memcpy8                          0x08000507   Thumb Code     0  rt_memcpy_w.o(.text)
    __rt_memcpy_w                            0x08000507   Thumb Code   100  rt_memcpy_w.o(.text)
    _memcpy_lastbytes_aligned                0x0800054f   Thumb Code     0  rt_memcpy_w.o(.text)
    __aeabi_memclr                           0x0800056b   Thumb Code     0  rt_memclr.o(.text)
    __rt_memclr                              0x0800056b   Thumb Code    68  rt_memclr.o(.text)
    _memset                                  0x0800056f   Thumb Code     0  rt_memclr.o(.text)
    __aeabi_memclr4                          0x080005af   Thumb Code     0  rt_memclr_w.o(.text)
    __aeabi_memclr8                          0x080005af   Thumb Code     0  rt_memclr_w.o(.text)
    __rt_memclr_w                            0x080005af   Thumb Code    78  rt_memclr_w.o(.text)
    _memset_w                                0x080005b3   Thumb Code     0  rt_memclr_w.o(.text)
    __user_setup_stackheap                   0x080005fd   Thumb Code    74  sys_stackheap_outer.o(.text)
    exit                                     0x08000647   Thumb Code    18  exit.o(.text)
    __user_libspace                          0x08000659   Thumb Code     8  libspace.o(.text)
    __user_perproc_libspace                  0x08000659   Thumb Code     0  libspace.o(.text)
    _sys_exit                                0x08000661   Thumb Code     8  sys_exit.o(.text)
    __I$use$semihosting                      0x0800066d   Thumb Code     0  use_no_semi.o(.text)
    __use_no_semihosting_swi                 0x0800066d   Thumb Code     2  use_no_semi.o(.text)
    ADC_AutoInjectedConvCmd                  0x0800066f   Thumb Code    22  stm32f10x_adc.o(i.ADC_AutoInjectedConvCmd)
    __semihosting_library_function           0x0800066f   Thumb Code     0  indicate_semi.o(.text)
    ADC_Cmd                                  0x08000685   Thumb Code    22  stm32f10x_adc.o(i.ADC_Cmd)
    ADC_ExternalTrigInjectedConvConfig       0x0800069b   Thumb Code    16  stm32f10x_adc.o(i.ADC_ExternalTrigInjectedConvConfig)
    ADC_GetCalibrationStatus                 0x080006ab   Thumb Code    20  stm32f10x_adc.o(i.ADC_GetCalibrationStatus)
    ADC_GetInjectedConversionValue           0x080006bf   Thumb Code    28  stm32f10x_adc.o(i.ADC_GetInjectedConversionValue)
    ADC_GetResetCalibrationStatus            0x080006db   Thumb Code    20  stm32f10x_adc.o(i.ADC_GetResetCalibrationStatus)
    ADC_Init                                 0x080006f1   Thumb Code    70  stm32f10x_adc.o(i.ADC_Init)
    ADC_Inits                                0x08000741   Thumb Code   194  main.o(i.ADC_Inits)
    ADC_InjectedChannelConfig                0x0800080d   Thumb Code   130  stm32f10x_adc.o(i.ADC_InjectedChannelConfig)
    ADC_InjectedSequencerLengthConfig        0x0800088f   Thumb Code    24  stm32f10x_adc.o(i.ADC_InjectedSequencerLengthConfig)
    ADC_ResetCalibration                     0x080008a7   Thumb Code    10  stm32f10x_adc.o(i.ADC_ResetCalibration)
    ADC_SoftwareStartInjectedConvCmd         0x080008b1   Thumb Code    22  stm32f10x_adc.o(i.ADC_SoftwareStartInjectedConvCmd)
    ADC_StartCalibration                     0x080008c7   Thumb Code    10  stm32f10x_adc.o(i.ADC_StartCalibration)
    DHT11_Check                              0x080008d1   Thumb Code    92  dht11.o(i.DHT11_Check)
    DHT11_Init                               0x08000935   Thumb Code    52  dht11.o(i.DHT11_Init)
    DHT11_Read_Bit                           0x08000971   Thumb Code    70  dht11.o(i.DHT11_Read_Bit)
    DHT11_Read_Byte                          0x080009bd   Thumb Code    32  dht11.o(i.DHT11_Read_Byte)
    DHT11_Read_Data                          0x080009dd   Thumb Code    90  dht11.o(i.DHT11_Read_Data)
    DHT11_Rst                                0x08000a39   Thumb Code    52  dht11.o(i.DHT11_Rst)
    Fn_DELAY_Init                            0x08000a79   Thumb Code    56  delay.o(i.Fn_DELAY_Init)
    GPIO_Init                                0x08000ab9   Thumb Code   278  stm32f10x_gpio.o(i.GPIO_Init)
    GPIO_ReadInputDataBit                    0x08000bcf   Thumb Code    18  stm32f10x_gpio.o(i.GPIO_ReadInputDataBit)
    GPIO_ResetBits                           0x08000be1   Thumb Code     4  stm32f10x_gpio.o(i.GPIO_ResetBits)
    GPIO_SetBits                             0x08000be5   Thumb Code     4  stm32f10x_gpio.o(i.GPIO_SetBits)
    GPIO_WriteBit                            0x08000be9   Thumb Code    10  stm32f10x_gpio.o(i.GPIO_WriteBit)
    I2C_LCD_BackLight                        0x08000bf5   Thumb Code    26  i2c_lcd.o(i.I2C_LCD_BackLight)
    I2C_LCD_Clear                            0x08000c15   Thumb Code    10  i2c_lcd.o(i.I2C_LCD_Clear)
    I2C_LCD_Init                             0x08000c5d   Thumb Code   128  i2c_lcd.o(i.I2C_LCD_Init)
    I2C_LCD_NewLine                          0x08000ce1   Thumb Code    10  i2c_lcd.o(i.I2C_LCD_NewLine)
    I2C_LCD_Puts                             0x08000ceb   Thumb Code    28  i2c_lcd.o(i.I2C_LCD_Puts)
    I2C_Read                                 0x08000da9   Thumb Code    70  i2c.o(i.I2C_Read)
    I2C_Write                                0x08000def   Thumb Code    68  i2c.o(i.I2C_Write)
    INIT_UART_1                              0x08000e35   Thumb Code   102  uart.o(i.INIT_UART_1)
    INIT_UART_2                              0x08000ead   Thumb Code   104  uart.o(i.INIT_UART_2)
    LCD_WaitBusy                             0x08000f25   Thumb Code   104  i2c_lcd.o(i.LCD_WaitBusy)
    LCD_Write_Chr                            0x08000f91   Thumb Code    42  i2c_lcd.o(i.LCD_Write_Chr)
    My_I2C_Init                              0x08000fc1   Thumb Code     8  i2c.o(i.My_I2C_Init)
    RCC_ADCCLKConfig                         0x08000fc9   Thumb Code    18  stm32f10x_rcc.o(i.RCC_ADCCLKConfig)
    RCC_APB2PeriphClockCmd                   0x08000fe1   Thumb Code    26  stm32f10x_rcc.o(i.RCC_APB2PeriphClockCmd)
    RCC_GetClocksFreq                        0x08001001   Thumb Code   192  stm32f10x_rcc.o(i.RCC_GetClocksFreq)
    Relay_Inits                              0x080010d5   Thumb Code    58  main.o(i.Relay_Inits)
    SYS_Init                                 0x08001115   Thumb Code    46  main.o(i.SYS_Init)
    SysTick_Handler                          0x0800122d   Thumb Code    22  cmsis_os2.o(i.SysTick_Handler)
    SystemCoreClockUpdate                    0x08001245   Thumb Code   142  system_stm32f10x.o(i.SystemCoreClockUpdate)
    SystemInit                               0x080012e9   Thumb Code    78  system_stm32f10x.o(i.SystemInit)
    TaskReadSensor                           0x08001349   Thumb Code   214  main.o(i.TaskReadSensor)
    TaskSendSensor                           0x08001431   Thumb Code    82  main.o(i.TaskSendSensor)
    UART1_SendChar                           0x080014a5   Thumb Code    24  uart.o(i.UART1_SendChar)
    UART1_SendString                         0x080014c1   Thumb Code    22  uart.o(i.UART1_SendString)
    USART1_IRQHandler                        0x080014d9   Thumb Code    66  uart.o(i.USART1_IRQHandler)
    USART2_IRQHandler                        0x0800152d   Thumb Code    66  uart.o(i.USART2_IRQHandler)
    USART3_IRQHandler                        0x08001581   Thumb Code    66  uart.o(i.USART3_IRQHandler)
    _mutex_acquire                           0x080015f7   Thumb Code    22  clib_arm.o(i._mutex_acquire)
    _mutex_free                              0x0800160d   Thumb Code    46  clib_arm.o(i._mutex_free)
    _mutex_initialize                        0x08001641   Thumb Code    86  clib_arm.o(i._mutex_initialize)
    _mutex_release                           0x080016a1   Thumb Code    24  clib_arm.o(i._mutex_release)
    _platform_post_stackheap_init            0x080016b9   Thumb Code     2  clib_arm.o(i._platform_post_stackheap_init)
    ddelay_ms                                0x080016bb   Thumb Code    44  dht11.o(i.ddelay_ms)
    ddelay_us                                0x080016e9   Thumb Code    42  dht11.o(i.ddelay_us)
    delay_ms                                 0x08001719   Thumb Code    44  i2c.o(i.delay_ms)
    delay_us                                 0x08001745   Thumb Code    42  i2c.o(i.delay_us)
    i2c_init                                 0x08001775   Thumb Code    54  i2c.o(i.i2c_init)
    i2c_read                                 0x080017b1   Thumb Code   140  i2c.o(i.i2c_read)
    i2c_start                                0x08001841   Thumb Code    60  i2c.o(i.i2c_start)
    i2c_stop                                 0x08001881   Thumb Code    46  i2c.o(i.i2c_stop)
    i2c_write                                0x080018b5   Thumb Code   146  i2c.o(i.i2c_write)
    main                                     0x0800194d   Thumb Code    78  main.o(i.main)
    map                                      0x080019b9   Thumb Code    22  main.o(i.map)
    pvPortMalloc                             0x08002345   Thumb Code   228  heap_4.o(i.pvPortMalloc)
    pvTaskIncrementMutexHeldCount            0x08002441   Thumb Code    26  tasks.o(i.pvTaskIncrementMutexHeldCount)
    pxPortInitialiseStack                    0x08002461   Thumb Code    30  port.o(i.pxPortInitialiseStack)
    uxListRemove                             0x08002485   Thumb Code    40  list.o(i.uxListRemove)
    vApplicationGetIdleTaskMemory            0x080024ad   Thumb Code    14  cmsis_os2.o(i.vApplicationGetIdleTaskMemory)
    vApplicationGetTimerTaskMemory           0x080024c5   Thumb Code    14  cmsis_os2.o(i.vApplicationGetTimerTaskMemory)
    vApplicationStackOverflowHook            0x080024dd   Thumb Code     2  cmsis_os2.o(i.vApplicationStackOverflowHook)
    vListInitialise                          0x080024df   Thumb Code    26  list.o(i.vListInitialise)
    vListInitialiseItem                      0x080024f9   Thumb Code     6  list.o(i.vListInitialiseItem)
    vListInsert                              0x080024ff   Thumb Code    52  list.o(i.vListInsert)
    vPortEnterCritical                       0x08002535   Thumb Code    30  port.o(i.vPortEnterCritical)
    vPortExitCritical                        0x08002559   Thumb Code    28  port.o(i.vPortExitCritical)
    vPortFree                                0x08002579   Thumb Code    74  heap_4.o(i.vPortFree)
    vPortSetupTimerInterrupt                 0x080025d1   Thumb Code    36  port.o(i.vPortSetupTimerInterrupt)
    vQueueDelete                             0x080025f9   Thumb Code    20  queue.o(i.vQueueDelete)
    vQueueWaitForMessageRestricted           0x0800260d   Thumb Code    74  queue.o(i.vQueueWaitForMessageRestricted)
    vTaskDelay                               0x08002659   Thumb Code    46  tasks.o(i.vTaskDelay)
    vTaskInternalSetTimeOutState             0x0800268d   Thumb Code    14  tasks.o(i.vTaskInternalSetTimeOutState)
    vTaskMissedYield                         0x080026a5   Thumb Code     8  tasks.o(i.vTaskMissedYield)
    vTaskPlaceOnEventList                    0x080026b1   Thumb Code    28  tasks.o(i.vTaskPlaceOnEventList)
    vTaskPlaceOnEventListRestricted          0x080026d1   Thumb Code    70  tasks.o(i.vTaskPlaceOnEventListRestricted)
    vTaskPriorityDisinheritAfterTimeout      0x0800271d   Thumb Code   182  tasks.o(i.vTaskPriorityDisinheritAfterTimeout)
    vTaskStartScheduler                      0x080027dd   Thumb Code   124  tasks.o(i.vTaskStartScheduler)
    vTaskSuspendAll                          0x08002879   Thumb Code    12  tasks.o(i.vTaskSuspendAll)
    vTaskSwitchContext                       0x08002889   Thumb Code   154  tasks.o(i.vTaskSwitchContext)
    xPortStartScheduler                      0x08002939   Thumb Code    42  port.o(i.xPortStartScheduler)
    xPortSysTickHandler                      0x0800296d   Thumb Code    46  port.o(i.xPortSysTickHandler)
    xQueueCreateMutex                        0x080029a1   Thumb Code    34  queue.o(i.xQueueCreateMutex)
    xQueueCreateMutexStatic                  0x080029c3   Thumb Code    42  queue.o(i.xQueueCreateMutexStatic)
    xQueueGenericCreate                      0x080029ed   Thumb Code    82  queue.o(i.xQueueGenericCreate)
    xQueueGenericCreateStatic                0x08002a3f   Thumb Code    62  queue.o(i.xQueueGenericCreateStatic)
    xQueueGenericReset                       0x08002a7d   Thumb Code   156  queue.o(i.xQueueGenericReset)
    xQueueGenericSend                        0x08002b1d   Thumb Code   276  queue.o(i.xQueueGenericSend)
    xQueueReceive                            0x08002c35   Thumb Code   256  queue.o(i.xQueueReceive)
    xQueueSemaphoreTake                      0x08002d39   Thumb Code   300  queue.o(i.xQueueSemaphoreTake)
    xTaskCheckForTimeOut                     0x08002e69   Thumb Code    88  tasks.o(i.xTaskCheckForTimeOut)
    xTaskCreate                              0x08002ec9   Thumb Code   100  tasks.o(i.xTaskCreate)
    xTaskCreateStatic                        0x08002f2d   Thumb Code    78  tasks.o(i.xTaskCreateStatic)
    xTaskGetSchedulerState                   0x08002f7d   Thumb Code    24  tasks.o(i.xTaskGetSchedulerState)
    xTaskGetTickCount                        0x08002f9d   Thumb Code     6  tasks.o(i.xTaskGetTickCount)
    xTaskIncrementTick                       0x08002fa9   Thumb Code   354  tasks.o(i.xTaskIncrementTick)
    xTaskPriorityDisinherit                  0x08003139   Thumb Code   138  tasks.o(i.xTaskPriorityDisinherit)
    xTaskPriorityInherit                     0x080031cd   Thumb Code   202  tasks.o(i.xTaskPriorityInherit)
    xTaskRemoveFromEventList                 0x080032a5   Thumb Code   238  tasks.o(i.xTaskRemoveFromEventList)
    xTaskResumeAll                           0x080033ad   Thumb Code   308  tasks.o(i.xTaskResumeAll)
    xTimerCreateTimerTask                    0x08003505   Thumb Code    76  timers.o(i.xTimerCreateTimerTask)
    Region$$Table$$Base                      0x08003564   Number         0  anon$$obj.o(Region$$Table)
    Region$$Table$$Limit                     0x08003584   Number         0  anon$$obj.o(Region$$Table)
    ADC_ARRAY                                0x20000004   Data           8  main.o(.data)
    xQueue                                   0x2000000c   Data           4  main.o(.data)
    temp                                     0x20000010   Data           1  main.o(.data)
    humi                                     0x20000011   Data           1  main.o(.data)
    __stdout                                 0x20000014   Data           4  uart.o(.data)
    Flag1_Receive                            0x20000018   Data           1  uart.o(.data)
    Count1_Data                              0x20000019   Data           1  uart.o(.data)
    Flag2_Receive                            0x2000001a   Data           1  uart.o(.data)
    Count2_Data                              0x2000001b   Data           1  uart.o(.data)
    Flag3_Receive                            0x2000001c   Data           1  uart.o(.data)
    Count3_Data                              0x2000001d   Data           1  uart.o(.data)
    SystemCoreClock                          0x2000003c   Data           4  system_stm32f10x.o(.data)
    AHBPrescTable                            0x20000040   Data          16  system_stm32f10x.o(.data)
    pxCurrentTCB                             0x20000074   Data           4  tasks.o(.data)
    uxTopUsedPriority                        0x200000ac   Data           4  tasks.o(.data)
    Array1_Receive                           0x200000c8   Data          20  uart.o(.bss)
    Array2_Receive                           0x200000dc   Data          20  uart.o(.bss)
    Array3_Receive                           0x200000f0   Data          20  uart.o(.bss)
    __libspace_start                         0x20002e1c   Data          96  libspace.o(.bss)
    __temporary_stack_top$libspace           0x20002e7c   Data           0  libspace.o(.bss)



==============================================================================

Memory Map of the image

  Image Entry point : 0x080000ed

  Load Region LR_IROM1 (Base: 0x08000000, Size: 0x0000364c, Max: 0x00010000, ABSOLUTE)

    Execution Region ER_IROM1 (Exec base: 0x08000000, Load base: 0x08000000, Size: 0x00003584, Max: 0x00010000, ABSOLUTE)

    Exec Addr    Load Addr    Size         Type   Attr      Idx    E Section Name        Object

    0x08000000   0x08000000   0x000000ec   Data   RO         2769    RESET               startup_stm32f10x_md.o
    0x080000ec   0x080000ec   0x00000008   Code   RO         4019  * !!!main             c_w.l(__main.o)
    0x080000f4   0x080000f4   0x00000034   Code   RO         4191    !!!scatter          c_w.l(__scatter.o)
    0x08000128   0x08000128   0x0000001a   Code   RO         4193    !!handler_copy      c_w.l(__scatter_copy.o)
    0x08000142   0x08000142   0x00000002   PAD
    0x08000144   0x08000144   0x0000001c   Code   RO         4195    !!handler_zi        c_w.l(__scatter_zi.o)
    0x08000160   0x08000160   0x00000000   Code   RO         4012    .ARM.Collect$$_printf_percent$$00000000  c_w.l(_printf_percent.o)
    0x08000160   0x08000160   0x00000006   Code   RO         4011    .ARM.Collect$$_printf_percent$$00000009  c_w.l(_printf_d.o)
    0x08000166   0x08000166   0x00000004   Code   RO         4028    .ARM.Collect$$_printf_percent$$00000017  c_w.l(_printf_percent_end.o)
    0x0800016a   0x0800016a   0x00000002   Code   RO         4059    .ARM.Collect$$libinit$$00000000  c_w.l(libinit.o)
    0x0800016c   0x0800016c   0x00000000   Code   RO         4066    .ARM.Collect$$libinit$$00000002  c_w.l(libinit2.o)
    0x0800016c   0x0800016c   0x00000000   Code   RO         4068    .ARM.Collect$$libinit$$00000004  c_w.l(libinit2.o)
    0x0800016c   0x0800016c   0x00000000   Code   RO         4071    .ARM.Collect$$libinit$$0000000A  c_w.l(libinit2.o)
    0x0800016c   0x0800016c   0x00000000   Code   RO         4073    .ARM.Collect$$libinit$$0000000C  c_w.l(libinit2.o)
    0x0800016c   0x0800016c   0x00000000   Code   RO         4075    .ARM.Collect$$libinit$$0000000E  c_w.l(libinit2.o)
    0x0800016c   0x0800016c   0x00000000   Code   RO         4078    .ARM.Collect$$libinit$$00000011  c_w.l(libinit2.o)
    0x0800016c   0x0800016c   0x00000000   Code   RO         4080    .ARM.Collect$$libinit$$00000013  c_w.l(libinit2.o)
    0x0800016c   0x0800016c   0x00000000   Code   RO         4082    .ARM.Collect$$libinit$$00000015  c_w.l(libinit2.o)
    0x0800016c   0x0800016c   0x00000000   Code   RO         4084    .ARM.Collect$$libinit$$00000017  c_w.l(libinit2.o)
    0x0800016c   0x0800016c   0x00000000   Code   RO         4086    .ARM.Collect$$libinit$$00000019  c_w.l(libinit2.o)
    0x0800016c   0x0800016c   0x00000000   Code   RO         4088    .ARM.Collect$$libinit$$0000001B  c_w.l(libinit2.o)
    0x0800016c   0x0800016c   0x00000000   Code   RO         4090    .ARM.Collect$$libinit$$0000001D  c_w.l(libinit2.o)
    0x0800016c   0x0800016c   0x00000000   Code   RO         4092    .ARM.Collect$$libinit$$0000001F  c_w.l(libinit2.o)
    0x0800016c   0x0800016c   0x00000000   Code   RO         4094    .ARM.Collect$$libinit$$00000021  c_w.l(libinit2.o)
    0x0800016c   0x0800016c   0x00000000   Code   RO         4096    .ARM.Collect$$libinit$$00000023  c_w.l(libinit2.o)
    0x0800016c   0x0800016c   0x00000000   Code   RO         4098    .ARM.Collect$$libinit$$00000025  c_w.l(libinit2.o)
    0x0800016c   0x0800016c   0x00000000   Code   RO         4102    .ARM.Collect$$libinit$$0000002C  c_w.l(libinit2.o)
    0x0800016c   0x0800016c   0x00000000   Code   RO         4104    .ARM.Collect$$libinit$$0000002E  c_w.l(libinit2.o)
    0x0800016c   0x0800016c   0x00000000   Code   RO         4106    .ARM.Collect$$libinit$$00000030  c_w.l(libinit2.o)
    0x0800016c   0x0800016c   0x00000000   Code   RO         4108    .ARM.Collect$$libinit$$00000032  c_w.l(libinit2.o)
    0x0800016c   0x0800016c   0x00000002   Code   RO         4109    .ARM.Collect$$libinit$$00000033  c_w.l(libinit2.o)
    0x0800016e   0x0800016e   0x00000002   Code   RO         4129    .ARM.Collect$$libshutdown$$00000000  c_w.l(libshutdown.o)
    0x08000170   0x08000170   0x00000000   Code   RO         4142    .ARM.Collect$$libshutdown$$00000002  c_w.l(libshutdown2.o)
    0x08000170   0x08000170   0x00000000   Code   RO         4144    .ARM.Collect$$libshutdown$$00000004  c_w.l(libshutdown2.o)
    0x08000170   0x08000170   0x00000000   Code   RO         4146    .ARM.Collect$$libshutdown$$00000006  c_w.l(libshutdown2.o)
    0x08000170   0x08000170   0x00000000   Code   RO         4149    .ARM.Collect$$libshutdown$$00000009  c_w.l(libshutdown2.o)
    0x08000170   0x08000170   0x00000000   Code   RO         4152    .ARM.Collect$$libshutdown$$0000000C  c_w.l(libshutdown2.o)
    0x08000170   0x08000170   0x00000000   Code   RO         4154    .ARM.Collect$$libshutdown$$0000000E  c_w.l(libshutdown2.o)
    0x08000170   0x08000170   0x00000000   Code   RO         4157    .ARM.Collect$$libshutdown$$00000011  c_w.l(libshutdown2.o)
    0x08000170   0x08000170   0x00000002   Code   RO         4158    .ARM.Collect$$libshutdown$$00000012  c_w.l(libshutdown2.o)
    0x08000172   0x08000172   0x00000000   Code   RO         4021    .ARM.Collect$$rtentry$$00000000  c_w.l(__rtentry.o)
    0x08000172   0x08000172   0x00000000   Code   RO         4034    .ARM.Collect$$rtentry$$00000002  c_w.l(__rtentry2.o)
    0x08000172   0x08000172   0x00000006   Code   RO         4046    .ARM.Collect$$rtentry$$00000004  c_w.l(__rtentry4.o)
    0x08000178   0x08000178   0x00000008   Code   RO         4035    .ARM.Collect$$rtentry$$00000008  c_w.l(__rtentry2.o)
    0x08000180   0x08000180   0x00000004   Code   RO         4037    .ARM.Collect$$rtentry$$0000000A  c_w.l(__rtentry2.o)
    0x08000184   0x08000184   0x00000000   Code   RO         4039    .ARM.Collect$$rtentry$$0000000C  c_w.l(__rtentry2.o)
    0x08000184   0x08000184   0x00000008   Code   RO         4040    .ARM.Collect$$rtentry$$0000000D  c_w.l(__rtentry2.o)
    0x0800018c   0x0800018c   0x00000002   Code   RO         4063    .ARM.Collect$$rtexit$$00000000  c_w.l(rtexit.o)
    0x0800018e   0x0800018e   0x00000000   Code   RO         4111    .ARM.Collect$$rtexit$$00000002  c_w.l(rtexit2.o)
    0x0800018e   0x0800018e   0x00000004   Code   RO         4112    .ARM.Collect$$rtexit$$00000003  c_w.l(rtexit2.o)
    0x08000192   0x08000192   0x00000006   Code   RO         4113    .ARM.Collect$$rtexit$$00000004  c_w.l(rtexit2.o)
    0x08000198   0x08000198   0x00000096   Code   RO         3087    .emb_text           port.o
    0x0800022e   0x0800022e   0x00000002   PAD
    0x08000230   0x08000230   0x00000040   Code   RO         2770    .text               startup_stm32f10x_md.o
    0x08000270   0x08000270   0x00000028   Code   RO         3985    .text               c_w.l(noretval__2sprintf.o)
    0x08000298   0x08000298   0x00000068   Code   RO         3987    .text               c_w.l(__printf.o)
    0x08000300   0x08000300   0x00000078   Code   RO         3989    .text               c_w.l(_printf_dec.o)
    0x08000378   0x08000378   0x0000008a   Code   RO         4013    .text               c_w.l(rt_memcpy_v6.o)
    0x08000402   0x08000402   0x00000010   Code   RO         4015    .text               c_w.l(aeabi_memset.o)
    0x08000412   0x08000412   0x00000006   Code   RO         4017    .text               c_w.l(heapauxi.o)
    0x08000418   0x08000418   0x000000b2   Code   RO         4022    .text               c_w.l(_printf_intcommon.o)
    0x080004ca   0x080004ca   0x00000002   PAD
    0x080004cc   0x080004cc   0x00000030   Code   RO         4024    .text               c_w.l(_printf_char_common.o)
    0x080004fc   0x080004fc   0x0000000a   Code   RO         4026    .text               c_w.l(_sputc.o)
    0x08000506   0x08000506   0x00000064   Code   RO         4029    .text               c_w.l(rt_memcpy_w.o)
    0x0800056a   0x0800056a   0x00000044   Code   RO         4031    .text               c_w.l(rt_memclr.o)
    0x080005ae   0x080005ae   0x0000004e   Code   RO         4050    .text               c_w.l(rt_memclr_w.o)
    0x080005fc   0x080005fc   0x0000004a   Code   RO         4052    .text               c_w.l(sys_stackheap_outer.o)
    0x08000646   0x08000646   0x00000012   Code   RO         4054    .text               c_w.l(exit.o)
    0x08000658   0x08000658   0x00000008   Code   RO         4060    .text               c_w.l(libspace.o)
    0x08000660   0x08000660   0x0000000c   Code   RO         4121    .text               c_w.l(sys_exit.o)
    0x0800066c   0x0800066c   0x00000002   Code   RO         4132    .text               c_w.l(use_no_semi.o)
    0x0800066e   0x0800066e   0x00000000   Code   RO         4134    .text               c_w.l(indicate_semi.o)
    0x0800066e   0x0800066e   0x00000016   Code   RO         1449    i.ADC_AutoInjectedConvCmd  stm32f10x_adc.o
    0x08000684   0x08000684   0x00000016   Code   RO         1452    i.ADC_Cmd           stm32f10x_adc.o
    0x0800069a   0x0800069a   0x00000010   Code   RO         1459    i.ADC_ExternalTrigInjectedConvConfig  stm32f10x_adc.o
    0x080006aa   0x080006aa   0x00000014   Code   RO         1460    i.ADC_GetCalibrationStatus  stm32f10x_adc.o
    0x080006be   0x080006be   0x0000001c   Code   RO         1465    i.ADC_GetInjectedConversionValue  stm32f10x_adc.o
    0x080006da   0x080006da   0x00000014   Code   RO         1466    i.ADC_GetResetCalibrationStatus  stm32f10x_adc.o
    0x080006ee   0x080006ee   0x00000002   PAD
    0x080006f0   0x080006f0   0x00000050   Code   RO         1470    i.ADC_Init          stm32f10x_adc.o
    0x08000740   0x08000740   0x000000cc   Code   RO          203    i.ADC_Inits         main.o
    0x0800080c   0x0800080c   0x00000082   Code   RO         1471    i.ADC_InjectedChannelConfig  stm32f10x_adc.o
    0x0800088e   0x0800088e   0x00000018   Code   RO         1473    i.ADC_InjectedSequencerLengthConfig  stm32f10x_adc.o
    0x080008a6   0x080008a6   0x0000000a   Code   RO         1475    i.ADC_ResetCalibration  stm32f10x_adc.o
    0x080008b0   0x080008b0   0x00000016   Code   RO         1478    i.ADC_SoftwareStartInjectedConvCmd  stm32f10x_adc.o
    0x080008c6   0x080008c6   0x0000000a   Code   RO         1479    i.ADC_StartCalibration  stm32f10x_adc.o
    0x080008d0   0x080008d0   0x00000064   Code   RO          121    i.DHT11_Check       dht11.o
    0x08000934   0x08000934   0x0000003c   Code   RO          122    i.DHT11_Init        dht11.o
    0x08000970   0x08000970   0x0000004c   Code   RO          123    i.DHT11_Read_Bit    dht11.o
    0x080009bc   0x080009bc   0x00000020   Code   RO          124    i.DHT11_Read_Byte   dht11.o
    0x080009dc   0x080009dc   0x0000005a   Code   RO          125    i.DHT11_Read_Data   dht11.o
    0x08000a36   0x08000a36   0x00000002   PAD
    0x08000a38   0x08000a38   0x00000040   Code   RO          126    i.DHT11_Rst         dht11.o
    0x08000a78   0x08000a78   0x00000040   Code   RO            4    i.Fn_DELAY_Init     delay.o
    0x08000ab8   0x08000ab8   0x00000116   Code   RO         1686    i.GPIO_Init         stm32f10x_gpio.o
    0x08000bce   0x08000bce   0x00000012   Code   RO         1690    i.GPIO_ReadInputDataBit  stm32f10x_gpio.o
    0x08000be0   0x08000be0   0x00000004   Code   RO         1693    i.GPIO_ResetBits    stm32f10x_gpio.o
    0x08000be4   0x08000be4   0x00000004   Code   RO         1694    i.GPIO_SetBits      stm32f10x_gpio.o
    0x08000be8   0x08000be8   0x0000000a   Code   RO         1697    i.GPIO_WriteBit     stm32f10x_gpio.o
    0x08000bf2   0x08000bf2   0x00000002   PAD
    0x08000bf4   0x08000bf4   0x00000020   Code   RO          638    i.I2C_LCD_BackLight  i2c_lcd.o
    0x08000c14   0x08000c14   0x0000000a   Code   RO          639    i.I2C_LCD_Clear     i2c_lcd.o
    0x08000c1e   0x08000c1e   0x00000002   PAD
    0x08000c20   0x08000c20   0x0000003c   Code   RO          640    i.I2C_LCD_FlushVal  i2c_lcd.o
    0x08000c5c   0x08000c5c   0x00000084   Code   RO          641    i.I2C_LCD_Init      i2c_lcd.o
    0x08000ce0   0x08000ce0   0x0000000a   Code   RO          642    i.I2C_LCD_NewLine   i2c_lcd.o
    0x08000cea   0x08000cea   0x0000001c   Code   RO          643    i.I2C_LCD_Puts      i2c_lcd.o
    0x08000d06   0x08000d06   0x00000002   PAD
    0x08000d08   0x08000d08   0x00000030   Code   RO          644    i.I2C_LCD_WriteCmd  i2c_lcd.o
    0x08000d38   0x08000d38   0x00000070   Code   RO          645    i.I2C_LCD_Write_4bit  i2c_lcd.o
    0x08000da8   0x08000da8   0x00000046   Code   RO          554    i.I2C_Read          i2c.o
    0x08000dee   0x08000dee   0x00000044   Code   RO          555    i.I2C_Write         i2c.o
    0x08000e32   0x08000e32   0x00000002   PAD
    0x08000e34   0x08000e34   0x00000078   Code   RO          342    i.INIT_UART_1       uart.o
    0x08000eac   0x08000eac   0x00000078   Code   RO          343    i.INIT_UART_2       uart.o
    0x08000f24   0x08000f24   0x0000006c   Code   RO          646    i.LCD_WaitBusy      i2c_lcd.o
    0x08000f90   0x08000f90   0x00000030   Code   RO          647    i.LCD_Write_Chr     i2c_lcd.o
    0x08000fc0   0x08000fc0   0x00000008   Code   RO          556    i.My_I2C_Init       i2c.o
    0x08000fc8   0x08000fc8   0x00000018   Code   RO         1806    i.RCC_ADCCLKConfig  stm32f10x_rcc.o
    0x08000fe0   0x08000fe0   0x00000020   Code   RO         1810    i.RCC_APB2PeriphClockCmd  stm32f10x_rcc.o
    0x08001000   0x08001000   0x000000d4   Code   RO         1818    i.RCC_GetClocksFreq  stm32f10x_rcc.o
    0x080010d4   0x080010d4   0x00000040   Code   RO          204    i.Relay_Inits       main.o
    0x08001114   0x08001114   0x0000002e   Code   RO          205    i.SYS_Init          main.o
    0x08001142   0x08001142   0x00000008   Code   RO         2777    i.SetSysClock       system_stm32f10x.o
    0x0800114a   0x0800114a   0x00000002   PAD
    0x0800114c   0x0800114c   0x000000e0   Code   RO         2778    i.SetSysClockTo72   system_stm32f10x.o
    0x0800122c   0x0800122c   0x00000016   Code   RO          789    i.SysTick_Handler   cmsis_os2.o
    0x08001242   0x08001242   0x00000002   PAD
    0x08001244   0x08001244   0x000000a4   Code   RO         2779    i.SystemCoreClockUpdate  system_stm32f10x.o
    0x080012e8   0x080012e8   0x00000060   Code   RO         2780    i.SystemInit        system_stm32f10x.o
    0x08001348   0x08001348   0x000000e8   Code   RO          208    i.TaskReadSensor    main.o
    0x08001430   0x08001430   0x00000074   Code   RO          209    i.TaskSendSensor    main.o
    0x080014a4   0x080014a4   0x0000001c   Code   RO          346    i.UART1_SendChar    uart.o
    0x080014c0   0x080014c0   0x00000016   Code   RO          347    i.UART1_SendString  uart.o
    0x080014d6   0x080014d6   0x00000002   PAD
    0x080014d8   0x080014d8   0x00000054   Code   RO          353    i.USART1_IRQHandler  uart.o
    0x0800152c   0x0800152c   0x00000054   Code   RO          354    i.USART2_IRQHandler  uart.o
    0x08001580   0x08001580   0x00000054   Code   RO          355    i.USART3_IRQHandler  uart.o
    0x080015d4   0x080015d4   0x00000022   Code   RO          356    i.__NVIC_EnableIRQ  uart.o
    0x080015f6   0x080015f6   0x00000016   Code   RO          722    i._mutex_acquire    clib_arm.o
    0x0800160c   0x0800160c   0x00000034   Code   RO          723    i._mutex_free       clib_arm.o
    0x08001640   0x08001640   0x00000060   Code   RO          724    i._mutex_initialize  clib_arm.o
    0x080016a0   0x080016a0   0x00000018   Code   RO          725    i._mutex_release    clib_arm.o
    0x080016b8   0x080016b8   0x00000002   Code   RO          726    i._platform_post_stackheap_init  clib_arm.o
    0x080016ba   0x080016ba   0x0000002c   Code   RO          127    i.ddelay_ms         dht11.o
    0x080016e6   0x080016e6   0x00000002   PAD
    0x080016e8   0x080016e8   0x00000030   Code   RO          128    i.ddelay_us         dht11.o
    0x08001718   0x08001718   0x0000002c   Code   RO          557    i.delay_ms          i2c.o
    0x08001744   0x08001744   0x00000030   Code   RO          558    i.delay_us          i2c.o
    0x08001774   0x08001774   0x0000003c   Code   RO          559    i.i2c_init          i2c.o
    0x080017b0   0x080017b0   0x00000090   Code   RO          560    i.i2c_read          i2c.o
    0x08001840   0x08001840   0x00000040   Code   RO          561    i.i2c_start         i2c.o
    0x08001880   0x08001880   0x00000034   Code   RO          562    i.i2c_stop          i2c.o
    0x080018b4   0x080018b4   0x00000098   Code   RO          563    i.i2c_write         i2c.o
    0x0800194c   0x0800194c   0x0000006c   Code   RO          210    i.main              main.o
    0x080019b8   0x080019b8   0x00000016   Code   RO          211    i.map               main.o
    0x080019ce   0x080019ce   0x00000012   Code   RO          727    i.os_kernel_is_active  clib_arm.o
    0x080019e0   0x080019e0   0x000000a4   Code   RO         3407    i.prvAddCurrentTaskToDelayedList  tasks.o
    0x08001a84   0x08001a84   0x000000e8   Code   RO         3408    i.prvAddNewTaskToReadyList  tasks.o
    0x08001b6c   0x08001b6c   0x0000005c   Code   RO         3804    i.prvCheckForValidListAndQueue  timers.o
    0x08001bc8   0x08001bc8   0x00000048   Code   RO         3409    i.prvCheckTasksWaitingTermination  tasks.o
    0x08001c10   0x08001c10   0x0000002a   Code   RO         3170    i.prvCopyDataFromQueue  queue.o
    0x08001c3a   0x08001c3a   0x0000007e   Code   RO         3171    i.prvCopyDataToQueue  queue.o
    0x08001cb8   0x08001cb8   0x00000028   Code   RO         3410    i.prvDeleteTCB      tasks.o
    0x08001ce0   0x08001ce0   0x00000014   Code   RO         3172    i.prvGetDisinheritPriorityAfterTimeout  queue.o
    0x08001cf4   0x08001cf4   0x00000028   Code   RO         3805    i.prvGetNextExpireTime  timers.o
    0x08001d1c   0x08001d1c   0x0000007c   Code   RO         3020    i.prvHeapInit       heap_4.o
    0x08001d98   0x08001d98   0x00000028   Code   RO         3411    i.prvIdleTask       tasks.o
    0x08001dc0   0x08001dc0   0x0000001e   Code   RO         3173    i.prvInitialiseMutex  queue.o
    0x08001dde   0x08001dde   0x0000002a   Code   RO         3174    i.prvInitialiseNewQueue  queue.o
    0x08001e08   0x08001e08   0x0000009a   Code   RO         3412    i.prvInitialiseNewTask  tasks.o
    0x08001ea2   0x08001ea2   0x00000002   PAD
    0x08001ea4   0x08001ea4   0x00000068   Code   RO         3413    i.prvInitialiseTaskLists  tasks.o
    0x08001f0c   0x08001f0c   0x00000068   Code   RO         3021    i.prvInsertBlockIntoFreeList  heap_4.o
    0x08001f74   0x08001f74   0x00000058   Code   RO         3807    i.prvInsertTimerInActiveList  timers.o
    0x08001fcc   0x08001fcc   0x0000001a   Code   RO         3175    i.prvIsQueueEmpty   queue.o
    0x08001fe6   0x08001fe6   0x0000001e   Code   RO         3176    i.prvIsQueueFull    queue.o
    0x08002004   0x08002004   0x00000044   Code   RO         3808    i.prvProcessExpiredTimer  timers.o
    0x08002048   0x08002048   0x00000110   Code   RO         3809    i.prvProcessReceivedCommands  timers.o
    0x08002158   0x08002158   0x00000074   Code   RO         3810    i.prvProcessTimerOrBlockTask  timers.o
    0x080021cc   0x080021cc   0x00000028   Code   RO         3811    i.prvReloadTimer    timers.o
    0x080021f4   0x080021f4   0x00000030   Code   RO         3415    i.prvResetNextTaskUnblockTime  tasks.o
    0x08002224   0x08002224   0x0000002c   Code   RO         3812    i.prvSampleTimeNow  timers.o
    0x08002250   0x08002250   0x00000044   Code   RO         3813    i.prvSwitchTimerLists  timers.o
    0x08002294   0x08002294   0x00000016   Code   RO         3088    i.prvTaskExitError  port.o
    0x080022aa   0x080022aa   0x0000001a   Code   RO         3814    i.prvTimerTask      timers.o
    0x080022c4   0x080022c4   0x0000007e   Code   RO         3177    i.prvUnlockQueue    queue.o
    0x08002342   0x08002342   0x00000002   PAD
    0x08002344   0x08002344   0x000000fc   Code   RO         3022    i.pvPortMalloc      heap_4.o
    0x08002440   0x08002440   0x00000020   Code   RO         3418    i.pvTaskIncrementMutexHeldCount  tasks.o
    0x08002460   0x08002460   0x00000024   Code   RO         3089    i.pxPortInitialiseStack  port.o
    0x08002484   0x08002484   0x00000028   Code   RO         2969    i.uxListRemove      list.o
    0x080024ac   0x080024ac   0x00000018   Code   RO          862    i.vApplicationGetIdleTaskMemory  cmsis_os2.o
    0x080024c4   0x080024c4   0x00000018   Code   RO          863    i.vApplicationGetTimerTaskMemory  cmsis_os2.o
    0x080024dc   0x080024dc   0x00000002   Code   RO          864    i.vApplicationStackOverflowHook  cmsis_os2.o
    0x080024de   0x080024de   0x0000001a   Code   RO         2970    i.vListInitialise   list.o
    0x080024f8   0x080024f8   0x00000006   Code   RO         2971    i.vListInitialiseItem  list.o
    0x080024fe   0x080024fe   0x00000034   Code   RO         2972    i.vListInsert       list.o
    0x08002532   0x08002532   0x00000002   PAD
    0x08002534   0x08002534   0x00000024   Code   RO         3091    i.vPortEnterCritical  port.o
    0x08002558   0x08002558   0x00000020   Code   RO         3092    i.vPortExitCritical  port.o
    0x08002578   0x08002578   0x00000058   Code   RO         3023    i.vPortFree         heap_4.o
    0x080025d0   0x080025d0   0x00000028   Code   RO         3093    i.vPortSetupTimerInterrupt  port.o
    0x080025f8   0x080025f8   0x00000014   Code   RO         3183    i.vQueueDelete      queue.o
    0x0800260c   0x0800260c   0x0000004a   Code   RO         3185    i.vQueueWaitForMessageRestricted  queue.o
    0x08002656   0x08002656   0x00000002   PAD
    0x08002658   0x08002658   0x00000034   Code   RO         3428    i.vTaskDelay        tasks.o
    0x0800268c   0x0800268c   0x00000018   Code   RO         3433    i.vTaskInternalSetTimeOutState  tasks.o
    0x080026a4   0x080026a4   0x0000000c   Code   RO         3434    i.vTaskMissedYield  tasks.o
    0x080026b0   0x080026b0   0x00000020   Code   RO         3435    i.vTaskPlaceOnEventList  tasks.o
    0x080026d0   0x080026d0   0x0000004c   Code   RO         3436    i.vTaskPlaceOnEventListRestricted  tasks.o
    0x0800271c   0x0800271c   0x000000c0   Code   RO         3438    i.vTaskPriorityDisinheritAfterTimeout  tasks.o
    0x080027dc   0x080027dc   0x0000009c   Code   RO         3444    i.vTaskStartScheduler  tasks.o
    0x08002878   0x08002878   0x00000010   Code   RO         3446    i.vTaskSuspendAll   tasks.o
    0x08002888   0x08002888   0x000000b0   Code   RO         3447    i.vTaskSwitchContext  tasks.o
    0x08002938   0x08002938   0x00000034   Code   RO         3094    i.xPortStartScheduler  port.o
    0x0800296c   0x0800296c   0x00000034   Code   RO         3095    i.xPortSysTickHandler  port.o
    0x080029a0   0x080029a0   0x00000022   Code   RO         3188    i.xQueueCreateMutex  queue.o
    0x080029c2   0x080029c2   0x0000002a   Code   RO         3189    i.xQueueCreateMutexStatic  queue.o
    0x080029ec   0x080029ec   0x00000052   Code   RO         3190    i.xQueueGenericCreate  queue.o
    0x08002a3e   0x08002a3e   0x0000003e   Code   RO         3191    i.xQueueGenericCreateStatic  queue.o
    0x08002a7c   0x08002a7c   0x000000a0   Code   RO         3192    i.xQueueGenericReset  queue.o
    0x08002b1c   0x08002b1c   0x00000118   Code   RO         3193    i.xQueueGenericSend  queue.o
    0x08002c34   0x08002c34   0x00000104   Code   RO         3203    i.xQueueReceive     queue.o
    0x08002d38   0x08002d38   0x00000130   Code   RO         3205    i.xQueueSemaphoreTake  queue.o
    0x08002e68   0x08002e68   0x00000060   Code   RO         3449    i.xTaskCheckForTimeOut  tasks.o
    0x08002ec8   0x08002ec8   0x00000064   Code   RO         3450    i.xTaskCreate       tasks.o
    0x08002f2c   0x08002f2c   0x0000004e   Code   RO         3451    i.xTaskCreateStatic  tasks.o
    0x08002f7a   0x08002f7a   0x00000002   PAD
    0x08002f7c   0x08002f7c   0x00000020   Code   RO         3458    i.xTaskGetSchedulerState  tasks.o
    0x08002f9c   0x08002f9c   0x0000000c   Code   RO         3459    i.xTaskGetTickCount  tasks.o
    0x08002fa8   0x08002fa8   0x00000190   Code   RO         3461    i.xTaskIncrementTick  tasks.o
    0x08003138   0x08003138   0x00000094   Code   RO         3462    i.xTaskPriorityDisinherit  tasks.o
    0x080031cc   0x080031cc   0x000000d8   Code   RO         3463    i.xTaskPriorityInherit  tasks.o
    0x080032a4   0x080032a4   0x00000108   Code   RO         3464    i.xTaskRemoveFromEventList  tasks.o
    0x080033ac   0x080033ac   0x00000158   Code   RO         3465    i.xTaskResumeAll    tasks.o
    0x08003504   0x08003504   0x00000060   Code   RO         3823    i.xTimerCreateTimerTask  timers.o
    0x08003564   0x08003564   0x00000020   Data   RO         4189    Region$$Table       anon$$obj.o


    Execution Region RW_IRAM1 (Exec base: 0x20000000, Load base: 0x08003584, Size: 0x00003480, Max: 0x00005000, ABSOLUTE)

    Exec Addr    Load Addr    Size         Type   Attr      Idx    E Section Name        Object

    0x20000000   0x08003584   0x00000004   Data   RW            9    .data               delay.o
    0x20000004   0x08003588   0x0000000e   Data   RW          213    .data               main.o
    0x20000012   0x08003596   0x00000002   PAD
    0x20000014   0x08003598   0x0000000a   Data   RW          359    .data               uart.o
    0x2000001e   0x080035a2   0x00000009   Data   RW          648    .data               i2c_lcd.o
    0x20000027   0x080035ab   0x00000014   Data   RW         1838    .data               stm32f10x_rcc.o
    0x2000003b   0x080035bf   0x00000001   PAD
    0x2000003c   0x080035c0   0x00000014   Data   RW         2781    .data               system_stm32f10x.o
    0x20000050   0x080035d4   0x00000020   Data   RW         3029    .data               heap_4.o
    0x20000070   0x080035f4   0x00000004   Data   RW         3096    .data               port.o
    0x20000074   0x080035f8   0x00000040   Data   RW         3468    .data               tasks.o
    0x200000b4   0x08003638   0x00000014   Data   RW         3832    .data               timers.o
    0x200000c8        -       0x0000003c   Zero   RW          358    .bss                uart.o
    0x20000104        -       0x00000394   Zero   RW          728    .bss                clib_arm.o
    0x20000498        -       0x000003f8   Zero   RW          865    .bss                cmsis_os2.o
    0x20000890        -       0x00002000   Zero   RW         3028    .bss                heap_4.o
    0x20002890        -       0x000004c4   Zero   RW         3467    .bss                tasks.o
    0x20002d54        -       0x000000c8   Zero   RW         3831    .bss                timers.o
    0x20002e1c        -       0x00000060   Zero   RW         4061    .bss                c_w.l(libspace.o)
    0x20002e7c   0x0800364c   0x00000004   PAD
    0x20002e80        -       0x00000200   Zero   RW         2768    HEAP                startup_stm32f10x_md.o
    0x20003080        -       0x00000400   Zero   RW         2767    STACK               startup_stm32f10x_md.o


==============================================================================

Image component sizes


      Code (inc. data)   RO Data    RW Data    ZI Data      Debug   Object Name

       214         16          0          0        916       4784   clib_arm.o
        72         20          0          0       1016      30807   cmsis_os2.o
        64          8          0          4          0     235312   delay.o
       514         40          0          0          0       4828   dht11.o
         0          0          0          0          0      11932   event_groups.o
       568         72          0         32       8192       4239   heap_4.o
       710         32          0          0          0       6324   i2c.o
       588         40          0          9          0       5755   i2c_lcd.o
       124          0          0          0          0      12237   list.o
       792         98          0         14          0      34740   main.o
       420         48          0          4          0       9332   port.o
      1760         16          0          0          0      18371   queue.o
        64         26        236          0       1536        828   startup_stm32f10x_md.o
       404         10          0          0          0      10353   stm32f10x_adc.o
       314          0          0          0          0       4740   stm32f10x_gpio.o
       268         32          0         20          0       4772   stm32f10x_rcc.o
       492         50          0         20          0       2985   system_stm32f10x.o
      3312        372          0         64       1220      45841   tasks.o
       950        110          0         20        200      11740   timers.o
       576         92          0         10         60       6345   uart.o

    ----------------------------------------------------------------------
     12238       1082        268        200      13140     466265   Object Totals
         0          0         32          0          0          0   (incl. Generated)
        32          0          0          3          0          0   (incl. Padding)

    ----------------------------------------------------------------------

      Code (inc. data)   RO Data    RW Data    ZI Data      Debug   Library Member Name

         8          0          0          0          0         68   __main.o
       104          0          0          0          0         84   __printf.o
         0          0          0          0          0          0   __rtentry.o
        20          0          0          0          0          0   __rtentry2.o
         6          0          0          0          0          0   __rtentry4.o
        52          8          0          0          0          0   __scatter.o
        26          0          0          0          0          0   __scatter_copy.o
        28          0          0          0          0          0   __scatter_zi.o
        48          6          0          0          0         96   _printf_char_common.o
         6          0          0          0          0          0   _printf_d.o
       120         16          0          0          0         92   _printf_dec.o
       178          0          0          0          0         88   _printf_intcommon.o
         0          0          0          0          0          0   _printf_percent.o
         4          0          0          0          0          0   _printf_percent_end.o
        10          0          0          0          0         68   _sputc.o
        16          0          0          0          0         68   aeabi_memset.o
        18          0          0          0          0         80   exit.o
         6          0          0          0          0        152   heapauxi.o
         0          0          0          0          0          0   indicate_semi.o
         2          0          0          0          0          0   libinit.o
         2          0          0          0          0          0   libinit2.o
         2          0          0          0          0          0   libshutdown.o
         2          0          0          0          0          0   libshutdown2.o
         8          4          0          0         96         68   libspace.o
        40          6          0          0          0         84   noretval__2sprintf.o
        68          0          0          0          0         68   rt_memclr.o
        78          0          0          0          0         80   rt_memclr_w.o
       138          0          0          0          0         68   rt_memcpy_v6.o
       100          0          0          0          0         80   rt_memcpy_w.o
         2          0          0          0          0          0   rtexit.o
        10          0          0          0          0          0   rtexit2.o
        12          4          0          0          0         68   sys_exit.o
        74          0          0          0          0         80   sys_stackheap_outer.o
         2          0          0          0          0         68   use_no_semi.o

    ----------------------------------------------------------------------
      1194         44          0          0        100       1460   Library Totals
         4          0          0          0          4          0   (incl. Padding)

    ----------------------------------------------------------------------

      Code (inc. data)   RO Data    RW Data    ZI Data      Debug   Library Name

      1190         44          0          0         96       1460   c_w.l

    ----------------------------------------------------------------------
      1194         44          0          0        100       1460   Library Totals

    ----------------------------------------------------------------------

==============================================================================


      Code (inc. data)   RO Data    RW Data    ZI Data      Debug   

     13432       1126        268        200      13240     459297   Grand Totals
     13432       1126        268        200      13240     459297   ELF Image Totals
     13432       1126        268        200          0          0   ROM Totals

==============================================================================

    Total RO  Size (Code + RO Data)                13700 (  13.38kB)
    Total RW  Size (RW Data + ZI Data)             13440 (  13.13kB)
    Total ROM Size (Code + RO Data + RW Data)      13900 (  13.57kB)

==============================================================================

